Archive member included because of file (symbol)

c:/dave-3.1.10/arm-gcc/bin/../lib/gcc/arm-none-eabi/4.7.4/armv6-m\libgcc.a(_udivsi3.o)
                              Startup/system_XMC1100.o (__aeabi_uidiv)
c:/dave-3.1.10/arm-gcc/bin/../lib/gcc/arm-none-eabi/4.7.4/armv6-m\libgcc.a(_dvmd_tls.o)
                              c:/dave-3.1.10/arm-gcc/bin/../lib/gcc/arm-none-eabi/4.7.4/armv6-m\libgcc.a(_udivsi3.o) (__aeabi_idiv0)
c:/dave-3.1.10/arm-gcc/bin/../lib/gcc/arm-none-eabi/4.7.4/armv6-m\libgcc.a(_arm_cmpsf2.o)
                              Dave/Generated/src/UART001/UART001.o (__aeabi_fcmplt)
c:/dave-3.1.10/arm-gcc/bin/../lib/gcc/arm-none-eabi/4.7.4/armv6-m\libgcc.a(_fixunsdfsi.o)
                              Dave/Generated/src/SYSTM001/SYSTM001.o (__aeabi_d2uiz)
c:/dave-3.1.10/arm-gcc/bin/../lib/gcc/arm-none-eabi/4.7.4/armv6-m\libgcc.a(divsf3.o)
                              Dave/Generated/src/UART001/UART001.o (__aeabi_fdiv)
c:/dave-3.1.10/arm-gcc/bin/../lib/gcc/arm-none-eabi/4.7.4/armv6-m\libgcc.a(eqsf2.o)
                              c:/dave-3.1.10/arm-gcc/bin/../lib/gcc/arm-none-eabi/4.7.4/armv6-m\libgcc.a(_arm_cmpsf2.o) (__eqsf2)
c:/dave-3.1.10/arm-gcc/bin/../lib/gcc/arm-none-eabi/4.7.4/armv6-m\libgcc.a(gesf2.o)
                              c:/dave-3.1.10/arm-gcc/bin/../lib/gcc/arm-none-eabi/4.7.4/armv6-m\libgcc.a(_arm_cmpsf2.o) (__gesf2)
c:/dave-3.1.10/arm-gcc/bin/../lib/gcc/arm-none-eabi/4.7.4/armv6-m\libgcc.a(lesf2.o)
                              c:/dave-3.1.10/arm-gcc/bin/../lib/gcc/arm-none-eabi/4.7.4/armv6-m\libgcc.a(_arm_cmpsf2.o) (__lesf2)
c:/dave-3.1.10/arm-gcc/bin/../lib/gcc/arm-none-eabi/4.7.4/armv6-m\libgcc.a(subsf3.o)
                              Dave/Generated/src/UART001/UART001.o (__aeabi_fsub)
c:/dave-3.1.10/arm-gcc/bin/../lib/gcc/arm-none-eabi/4.7.4/armv6-m\libgcc.a(floatunsisf.o)
                              Dave/Generated/src/UART001/UART001.o (__aeabi_ui2f)
c:/dave-3.1.10/arm-gcc/bin/../lib/gcc/arm-none-eabi/4.7.4/armv6-m\libgcc.a(muldf3.o)
                              Dave/Generated/src/SYSTM001/SYSTM001.o (__aeabi_dmul)
c:/dave-3.1.10/arm-gcc/bin/../lib/gcc/arm-none-eabi/4.7.4/armv6-m\libgcc.a(subdf3.o)
                              c:/dave-3.1.10/arm-gcc/bin/../lib/gcc/arm-none-eabi/4.7.4/armv6-m\libgcc.a(_fixunsdfsi.o) (__aeabi_dsub)
c:/dave-3.1.10/arm-gcc/bin/../lib/gcc/arm-none-eabi/4.7.4/armv6-m\libgcc.a(fixdfsi.o)
                              c:/dave-3.1.10/arm-gcc/bin/../lib/gcc/arm-none-eabi/4.7.4/armv6-m\libgcc.a(_fixunsdfsi.o) (__aeabi_d2iz)
c:/dave-3.1.10/arm-gcc/bin/../lib/gcc/arm-none-eabi/4.7.4/armv6-m\libgcc.a(floatunsidf.o)
                              Dave/Generated/src/SYSTM001/SYSTM001.o (__aeabi_ui2d)
c:/dave-3.1.10/arm-gcc/bin/../lib/gcc/arm-none-eabi/4.7.4/armv6-m\libgcc.a(_arm_cmpdf2.o)
                              c:/dave-3.1.10/arm-gcc/bin/../lib/gcc/arm-none-eabi/4.7.4/armv6-m\libgcc.a(_fixunsdfsi.o) (__aeabi_dcmpge)
c:/dave-3.1.10/arm-gcc/bin/../lib/gcc/arm-none-eabi/4.7.4/armv6-m\libgcc.a(_clzsi2.o)
                              c:/dave-3.1.10/arm-gcc/bin/../lib/gcc/arm-none-eabi/4.7.4/armv6-m\libgcc.a(divsf3.o) (__clzsi2)
c:/dave-3.1.10/arm-gcc/bin/../lib/gcc/arm-none-eabi/4.7.4/armv6-m\libgcc.a(eqdf2.o)
                              c:/dave-3.1.10/arm-gcc/bin/../lib/gcc/arm-none-eabi/4.7.4/armv6-m\libgcc.a(_arm_cmpdf2.o) (__eqdf2)
c:/dave-3.1.10/arm-gcc/bin/../lib/gcc/arm-none-eabi/4.7.4/armv6-m\libgcc.a(gedf2.o)
                              c:/dave-3.1.10/arm-gcc/bin/../lib/gcc/arm-none-eabi/4.7.4/armv6-m\libgcc.a(_arm_cmpdf2.o) (__gedf2)
c:/dave-3.1.10/arm-gcc/bin/../lib/gcc/arm-none-eabi/4.7.4/armv6-m\libgcc.a(ledf2.o)
                              c:/dave-3.1.10/arm-gcc/bin/../lib/gcc/arm-none-eabi/4.7.4/armv6-m\libgcc.a(_arm_cmpdf2.o) (__ledf2)

Allocating common symbols
Common symbol       size              file

TimerTbl            0x140             Dave/Generated/src/SYSTM001/SYSTM001.o
SystemCoreClock     0x4               Startup/system_XMC1100.o
animationTimer      0x4               Main.o

Discarded input sections

 .group         0x00000000        0x8 Main.o
 .group         0x00000000        0x8 Main.o
 .group         0x00000000        0x8 Main.o
 .group         0x00000000        0x8 Main.o
 .group         0x00000000        0x8 Main.o
 .group         0x00000000        0x8 Main.o
 .group         0x00000000        0x8 Main.o
 .group         0x00000000        0x8 Main.o
 .group         0x00000000        0x8 Main.o
 .group         0x00000000        0x8 Main.o
 .group         0x00000000        0x8 Main.o
 .group         0x00000000        0x8 Main.o
 .group         0x00000000        0x8 Main.o
 .group         0x00000000        0x8 Main.o
 .group         0x00000000        0x8 Main.o
 .group         0x00000000        0x8 Main.o
 .group         0x00000000        0x8 Main.o
 .group         0x00000000        0x8 Main.o
 .group         0x00000000        0x8 Main.o
 .group         0x00000000        0x8 Main.o
 .group         0x00000000        0x8 Main.o
 .group         0x00000000        0x8 Main.o
 .group         0x00000000        0x8 Main.o
 .group         0x00000000        0x8 Main.o
 .comment       0x00000000       0x71 Main.o
 .group         0x00000000        0x8 colorManagement.o
 .group         0x00000000        0x8 colorManagement.o
 .group         0x00000000        0x8 colorManagement.o
 .group         0x00000000        0x8 colorManagement.o
 .group         0x00000000        0x8 colorManagement.o
 .group         0x00000000        0x8 colorManagement.o
 .group         0x00000000        0x8 colorManagement.o
 .group         0x00000000        0x8 colorManagement.o
 .group         0x00000000        0x8 colorManagement.o
 .group         0x00000000        0x8 colorManagement.o
 .group         0x00000000        0x8 colorManagement.o
 .group         0x00000000        0x8 colorManagement.o
 .group         0x00000000        0x8 colorManagement.o
 .group         0x00000000        0x8 colorManagement.o
 .debug_macro   0x00000000      0x7f0 colorManagement.o
 .debug_macro   0x00000000       0x3a colorManagement.o
 .debug_macro   0x00000000       0x10 colorManagement.o
 .debug_macro   0x00000000       0x2e colorManagement.o
 .debug_macro   0x00000000       0xa3 colorManagement.o
 .debug_macro   0x00000000      0x20e colorManagement.o
 .debug_macro   0x00000000       0x22 colorManagement.o
 .debug_macro   0x00000000       0x3a colorManagement.o
 .debug_macro   0x00000000       0x1f colorManagement.o
 .debug_macro   0x00000000      0x242 colorManagement.o
 .debug_macro   0x00000000       0x36 colorManagement.o
 .debug_macro   0x00000000     0x4d2c colorManagement.o
 .debug_macro   0x00000000       0x16 colorManagement.o
 .comment       0x00000000       0x71 colorManagement.o
 .group         0x00000000        0x8 light_ws2812_cortex.o
 .group         0x00000000        0x8 light_ws2812_cortex.o
 .group         0x00000000        0x8 light_ws2812_cortex.o
 .group         0x00000000        0x8 light_ws2812_cortex.o
 .group         0x00000000        0x8 light_ws2812_cortex.o
 .group         0x00000000        0x8 light_ws2812_cortex.o
 .group         0x00000000        0x8 light_ws2812_cortex.o
 .group         0x00000000        0x8 light_ws2812_cortex.o
 .group         0x00000000        0x8 light_ws2812_cortex.o
 .group         0x00000000        0x8 light_ws2812_cortex.o
 .group         0x00000000        0x8 light_ws2812_cortex.o
 .group         0x00000000        0x8 light_ws2812_cortex.o
 .group         0x00000000        0x8 light_ws2812_cortex.o
 .debug_macro   0x00000000      0x7f0 light_ws2812_cortex.o
 .debug_macro   0x00000000       0x3a light_ws2812_cortex.o
 .debug_macro   0x00000000       0x10 light_ws2812_cortex.o
 .debug_macro   0x00000000       0x2e light_ws2812_cortex.o
 .debug_macro   0x00000000       0xa3 light_ws2812_cortex.o
 .debug_macro   0x00000000      0x20e light_ws2812_cortex.o
 .debug_macro   0x00000000       0x22 light_ws2812_cortex.o
 .debug_macro   0x00000000       0x3a light_ws2812_cortex.o
 .debug_macro   0x00000000       0x1f light_ws2812_cortex.o
 .debug_macro   0x00000000      0x242 light_ws2812_cortex.o
 .debug_macro   0x00000000       0x36 light_ws2812_cortex.o
 .debug_macro   0x00000000     0x4d2c light_ws2812_cortex.o
 .debug_macro   0x00000000       0x22 light_ws2812_cortex.o
 .comment       0x00000000       0x71 light_ws2812_cortex.o
 .group         0x00000000        0x8 Startup/system_XMC1100.o
 .group         0x00000000        0x8 Startup/system_XMC1100.o
 .group         0x00000000        0x8 Startup/system_XMC1100.o
 .group         0x00000000        0x8 Startup/system_XMC1100.o
 .group         0x00000000        0x8 Startup/system_XMC1100.o
 .group         0x00000000        0x8 Startup/system_XMC1100.o
 .group         0x00000000        0x8 Startup/system_XMC1100.o
 .group         0x00000000        0x8 Startup/system_XMC1100.o
 .group         0x00000000        0x8 Startup/system_XMC1100.o
 .group         0x00000000        0x8 Startup/system_XMC1100.o
 .group         0x00000000        0x8 Startup/system_XMC1100.o
 .group         0x00000000        0x8 Startup/system_XMC1100.o
 .debug_macro   0x00000000      0x7f0 Startup/system_XMC1100.o
 .debug_macro   0x00000000       0x3a Startup/system_XMC1100.o
 .debug_macro   0x00000000       0x10 Startup/system_XMC1100.o
 .debug_macro   0x00000000       0x2e Startup/system_XMC1100.o
 .debug_macro   0x00000000       0xa3 Startup/system_XMC1100.o
 .debug_macro   0x00000000      0x20e Startup/system_XMC1100.o
 .debug_macro   0x00000000       0x36 Startup/system_XMC1100.o
 .debug_macro   0x00000000       0x22 Startup/system_XMC1100.o
 .debug_macro   0x00000000       0x3a Startup/system_XMC1100.o
 .debug_macro   0x00000000       0x1f Startup/system_XMC1100.o
 .debug_macro   0x00000000      0x242 Startup/system_XMC1100.o
 .debug_macro   0x00000000     0x4d2c Startup/system_XMC1100.o
 .comment       0x00000000       0x71 Startup/system_XMC1100.o
 .group         0x00000000        0x8 Lib/System_LibcStubs.o
 .group         0x00000000        0x8 Lib/System_LibcStubs.o
 .group         0x00000000        0x8 Lib/System_LibcStubs.o
 .group         0x00000000        0x8 Lib/System_LibcStubs.o
 .group         0x00000000        0x8 Lib/System_LibcStubs.o
 .group         0x00000000        0x8 Lib/System_LibcStubs.o
 .group         0x00000000        0x8 Lib/System_LibcStubs.o
 .group         0x00000000        0x8 Lib/System_LibcStubs.o
 .group         0x00000000        0x8 Lib/System_LibcStubs.o
 .group         0x00000000        0x8 Lib/System_LibcStubs.o
 .group         0x00000000        0x8 Lib/System_LibcStubs.o
 .group         0x00000000        0x8 Lib/System_LibcStubs.o
 .group         0x00000000        0x8 Lib/System_LibcStubs.o
 .group         0x00000000        0x8 Lib/System_LibcStubs.o
 .group         0x00000000        0x8 Lib/System_LibcStubs.o
 .group         0x00000000        0x8 Lib/System_LibcStubs.o
 .group         0x00000000        0x8 Lib/System_LibcStubs.o
 .group         0x00000000        0x8 Lib/System_LibcStubs.o
 .group         0x00000000        0x8 Lib/System_LibcStubs.o
 .group         0x00000000        0x8 Lib/System_LibcStubs.o
 .group         0x00000000        0x8 Lib/System_LibcStubs.o
 .debug_macro   0x00000000      0x7f0 Lib/System_LibcStubs.o
 .debug_macro   0x00000000       0x3a Lib/System_LibcStubs.o
 .debug_macro   0x00000000       0x10 Lib/System_LibcStubs.o
 .debug_macro   0x00000000       0x2e Lib/System_LibcStubs.o
 .debug_macro   0x00000000       0xa3 Lib/System_LibcStubs.o
 .comment       0x00000000       0x71 Lib/System_LibcStubs.o
 .group         0x00000000        0x8 Dave/Generated/src/UART001/UART001.o
 .group         0x00000000        0x8 Dave/Generated/src/UART001/UART001.o
 .group         0x00000000        0x8 Dave/Generated/src/UART001/UART001.o
 .group         0x00000000        0x8 Dave/Generated/src/UART001/UART001.o
 .group         0x00000000        0x8 Dave/Generated/src/UART001/UART001.o
 .group         0x00000000        0x8 Dave/Generated/src/UART001/UART001.o
 .group         0x00000000        0x8 Dave/Generated/src/UART001/UART001.o
 .group         0x00000000        0x8 Dave/Generated/src/UART001/UART001.o
 .group         0x00000000        0x8 Dave/Generated/src/UART001/UART001.o
 .group         0x00000000        0x8 Dave/Generated/src/UART001/UART001.o
 .group         0x00000000        0x8 Dave/Generated/src/UART001/UART001.o
 .group         0x00000000        0x8 Dave/Generated/src/UART001/UART001.o
 .group         0x00000000        0x8 Dave/Generated/src/UART001/UART001.o
 .group         0x00000000        0x8 Dave/Generated/src/UART001/UART001.o
 .group         0x00000000        0x8 Dave/Generated/src/UART001/UART001.o
 .group         0x00000000        0x8 Dave/Generated/src/UART001/UART001.o
 .group         0x00000000        0x8 Dave/Generated/src/UART001/UART001.o
 .group         0x00000000        0x8 Dave/Generated/src/UART001/UART001.o
 .group         0x00000000        0x8 Dave/Generated/src/UART001/UART001.o
 .group         0x00000000        0x8 Dave/Generated/src/UART001/UART001.o
 .group         0x00000000        0x8 Dave/Generated/src/UART001/UART001.o
 .debug_macro   0x00000000      0x7f0 Dave/Generated/src/UART001/UART001.o
 .debug_macro   0x00000000      0x130 Dave/Generated/src/UART001/UART001.o
 .debug_macro   0x00000000       0x22 Dave/Generated/src/UART001/UART001.o
 .debug_macro   0x00000000       0x3a Dave/Generated/src/UART001/UART001.o
 .debug_macro   0x00000000       0x3a Dave/Generated/src/UART001/UART001.o
 .debug_macro   0x00000000       0x10 Dave/Generated/src/UART001/UART001.o
 .debug_macro   0x00000000       0x2e Dave/Generated/src/UART001/UART001.o
 .debug_macro   0x00000000       0xa3 Dave/Generated/src/UART001/UART001.o
 .debug_macro   0x00000000      0x20e Dave/Generated/src/UART001/UART001.o
 .debug_macro   0x00000000       0x1f Dave/Generated/src/UART001/UART001.o
 .debug_macro   0x00000000      0x242 Dave/Generated/src/UART001/UART001.o
 .debug_macro   0x00000000       0x36 Dave/Generated/src/UART001/UART001.o
 .debug_macro   0x00000000     0x4d2c Dave/Generated/src/UART001/UART001.o
 .debug_macro   0x00000000       0xb0 Dave/Generated/src/UART001/UART001.o
 .debug_macro   0x00000000      0x16c Dave/Generated/src/UART001/UART001.o
 .debug_macro   0x00000000       0x22 Dave/Generated/src/UART001/UART001.o
 .debug_macro   0x00000000       0x34 Dave/Generated/src/UART001/UART001.o
 .debug_macro   0x00000000       0x11 Dave/Generated/src/UART001/UART001.o
 .debug_macro   0x00000000      0x311 Dave/Generated/src/UART001/UART001.o
 .debug_macro   0x00000000       0x28 Dave/Generated/src/UART001/UART001.o
 .comment       0x00000000       0x71 Dave/Generated/src/UART001/UART001.o
 .group         0x00000000        0x8 Dave/Generated/src/UART001/UART001_Conf.o
 .group         0x00000000        0x8 Dave/Generated/src/UART001/UART001_Conf.o
 .group         0x00000000        0x8 Dave/Generated/src/UART001/UART001_Conf.o
 .group         0x00000000        0x8 Dave/Generated/src/UART001/UART001_Conf.o
 .group         0x00000000        0x8 Dave/Generated/src/UART001/UART001_Conf.o
 .group         0x00000000        0x8 Dave/Generated/src/UART001/UART001_Conf.o
 .group         0x00000000        0x8 Dave/Generated/src/UART001/UART001_Conf.o
 .group         0x00000000        0x8 Dave/Generated/src/UART001/UART001_Conf.o
 .group         0x00000000        0x8 Dave/Generated/src/UART001/UART001_Conf.o
 .group         0x00000000        0x8 Dave/Generated/src/UART001/UART001_Conf.o
 .group         0x00000000        0x8 Dave/Generated/src/UART001/UART001_Conf.o
 .group         0x00000000        0x8 Dave/Generated/src/UART001/UART001_Conf.o
 .group         0x00000000        0x8 Dave/Generated/src/UART001/UART001_Conf.o
 .group         0x00000000        0x8 Dave/Generated/src/UART001/UART001_Conf.o
 .group         0x00000000        0x8 Dave/Generated/src/UART001/UART001_Conf.o
 .group         0x00000000        0x8 Dave/Generated/src/UART001/UART001_Conf.o
 .group         0x00000000        0x8 Dave/Generated/src/UART001/UART001_Conf.o
 .group         0x00000000        0x8 Dave/Generated/src/UART001/UART001_Conf.o
 .debug_macro   0x00000000      0x7f0 Dave/Generated/src/UART001/UART001_Conf.o
 .debug_macro   0x00000000      0x130 Dave/Generated/src/UART001/UART001_Conf.o
 .debug_macro   0x00000000       0x22 Dave/Generated/src/UART001/UART001_Conf.o
 .debug_macro   0x00000000       0x3a Dave/Generated/src/UART001/UART001_Conf.o
 .debug_macro   0x00000000       0x3a Dave/Generated/src/UART001/UART001_Conf.o
 .debug_macro   0x00000000       0x10 Dave/Generated/src/UART001/UART001_Conf.o
 .debug_macro   0x00000000       0x2e Dave/Generated/src/UART001/UART001_Conf.o
 .debug_macro   0x00000000       0xa3 Dave/Generated/src/UART001/UART001_Conf.o
 .debug_macro   0x00000000      0x20e Dave/Generated/src/UART001/UART001_Conf.o
 .debug_macro   0x00000000       0x1f Dave/Generated/src/UART001/UART001_Conf.o
 .debug_macro   0x00000000      0x242 Dave/Generated/src/UART001/UART001_Conf.o
 .debug_macro   0x00000000       0x36 Dave/Generated/src/UART001/UART001_Conf.o
 .debug_macro   0x00000000     0x4d2c Dave/Generated/src/UART001/UART001_Conf.o
 .debug_macro   0x00000000       0xb0 Dave/Generated/src/UART001/UART001_Conf.o
 .debug_macro   0x00000000      0x16c Dave/Generated/src/UART001/UART001_Conf.o
 .debug_macro   0x00000000       0x22 Dave/Generated/src/UART001/UART001_Conf.o
 .debug_macro   0x00000000       0x34 Dave/Generated/src/UART001/UART001_Conf.o
 .debug_macro   0x00000000       0x11 Dave/Generated/src/UART001/UART001_Conf.o
 .comment       0x00000000       0x71 Dave/Generated/src/UART001/UART001_Conf.o
 .group         0x00000000        0x8 Dave/Generated/src/SYSTM001/SYSTM001.o
 .group         0x00000000        0x8 Dave/Generated/src/SYSTM001/SYSTM001.o
 .group         0x00000000        0x8 Dave/Generated/src/SYSTM001/SYSTM001.o
 .group         0x00000000        0x8 Dave/Generated/src/SYSTM001/SYSTM001.o
 .group         0x00000000        0x8 Dave/Generated/src/SYSTM001/SYSTM001.o
 .group         0x00000000        0x8 Dave/Generated/src/SYSTM001/SYSTM001.o
 .group         0x00000000        0x8 Dave/Generated/src/SYSTM001/SYSTM001.o
 .group         0x00000000        0x8 Dave/Generated/src/SYSTM001/SYSTM001.o
 .group         0x00000000        0x8 Dave/Generated/src/SYSTM001/SYSTM001.o
 .group         0x00000000        0x8 Dave/Generated/src/SYSTM001/SYSTM001.o
 .group         0x00000000        0x8 Dave/Generated/src/SYSTM001/SYSTM001.o
 .group         0x00000000        0x8 Dave/Generated/src/SYSTM001/SYSTM001.o
 .group         0x00000000        0x8 Dave/Generated/src/SYSTM001/SYSTM001.o
 .group         0x00000000        0x8 Dave/Generated/src/SYSTM001/SYSTM001.o
 .group         0x00000000        0x8 Dave/Generated/src/SYSTM001/SYSTM001.o
 .group         0x00000000        0x8 Dave/Generated/src/SYSTM001/SYSTM001.o
 .group         0x00000000        0x8 Dave/Generated/src/SYSTM001/SYSTM001.o
 .group         0x00000000        0x8 Dave/Generated/src/SYSTM001/SYSTM001.o
 .group         0x00000000        0x8 Dave/Generated/src/SYSTM001/SYSTM001.o
 .group         0x00000000        0x8 Dave/Generated/src/SYSTM001/SYSTM001.o
 .group         0x00000000        0x8 Dave/Generated/src/SYSTM001/SYSTM001.o
 .debug_macro   0x00000000      0x7f0 Dave/Generated/src/SYSTM001/SYSTM001.o
 .debug_macro   0x00000000       0x22 Dave/Generated/src/SYSTM001/SYSTM001.o
 .debug_macro   0x00000000       0x3a Dave/Generated/src/SYSTM001/SYSTM001.o
 .debug_macro   0x00000000       0x3a Dave/Generated/src/SYSTM001/SYSTM001.o
 .debug_macro   0x00000000       0x10 Dave/Generated/src/SYSTM001/SYSTM001.o
 .debug_macro   0x00000000       0x2e Dave/Generated/src/SYSTM001/SYSTM001.o
 .debug_macro   0x00000000       0xa3 Dave/Generated/src/SYSTM001/SYSTM001.o
 .debug_macro   0x00000000      0x20e Dave/Generated/src/SYSTM001/SYSTM001.o
 .debug_macro   0x00000000       0x1f Dave/Generated/src/SYSTM001/SYSTM001.o
 .debug_macro   0x00000000      0x242 Dave/Generated/src/SYSTM001/SYSTM001.o
 .debug_macro   0x00000000       0x36 Dave/Generated/src/SYSTM001/SYSTM001.o
 .debug_macro   0x00000000     0x4d2c Dave/Generated/src/SYSTM001/SYSTM001.o
 .debug_macro   0x00000000      0x16c Dave/Generated/src/SYSTM001/SYSTM001.o
 .debug_macro   0x00000000       0x22 Dave/Generated/src/SYSTM001/SYSTM001.o
 .debug_macro   0x00000000      0x311 Dave/Generated/src/SYSTM001/SYSTM001.o
 .debug_macro   0x00000000      0x130 Dave/Generated/src/SYSTM001/SYSTM001.o
 .debug_macro   0x00000000       0xb0 Dave/Generated/src/SYSTM001/SYSTM001.o
 .debug_macro   0x00000000       0x34 Dave/Generated/src/SYSTM001/SYSTM001.o
 .debug_macro   0x00000000       0x11 Dave/Generated/src/SYSTM001/SYSTM001.o
 .debug_macro   0x00000000       0x2d Dave/Generated/src/SYSTM001/SYSTM001.o
 .debug_macro   0x00000000       0x28 Dave/Generated/src/SYSTM001/SYSTM001.o
 .comment       0x00000000       0x71 Dave/Generated/src/SYSTM001/SYSTM001.o
 .group         0x00000000        0x8 Dave/Generated/src/IO004/IO004.o
 .group         0x00000000        0x8 Dave/Generated/src/IO004/IO004.o
 .group         0x00000000        0x8 Dave/Generated/src/IO004/IO004.o
 .group         0x00000000        0x8 Dave/Generated/src/IO004/IO004.o
 .group         0x00000000        0x8 Dave/Generated/src/IO004/IO004.o
 .group         0x00000000        0x8 Dave/Generated/src/IO004/IO004.o
 .group         0x00000000        0x8 Dave/Generated/src/IO004/IO004.o
 .group         0x00000000        0x8 Dave/Generated/src/IO004/IO004.o
 .group         0x00000000        0x8 Dave/Generated/src/IO004/IO004.o
 .group         0x00000000        0x8 Dave/Generated/src/IO004/IO004.o
 .group         0x00000000        0x8 Dave/Generated/src/IO004/IO004.o
 .group         0x00000000        0x8 Dave/Generated/src/IO004/IO004.o
 .group         0x00000000        0x8 Dave/Generated/src/IO004/IO004.o
 .group         0x00000000        0x8 Dave/Generated/src/IO004/IO004.o
 .group         0x00000000        0x8 Dave/Generated/src/IO004/IO004.o
 .group         0x00000000        0x8 Dave/Generated/src/IO004/IO004.o
 .group         0x00000000        0x8 Dave/Generated/src/IO004/IO004.o
 .group         0x00000000        0x8 Dave/Generated/src/IO004/IO004.o
 .group         0x00000000        0x8 Dave/Generated/src/IO004/IO004.o
 .group         0x00000000        0x8 Dave/Generated/src/IO004/IO004.o
 .group         0x00000000        0x8 Dave/Generated/src/IO004/IO004.o
 .debug_macro   0x00000000      0x7f0 Dave/Generated/src/IO004/IO004.o
 .debug_macro   0x00000000       0x22 Dave/Generated/src/IO004/IO004.o
 .debug_macro   0x00000000       0x3a Dave/Generated/src/IO004/IO004.o
 .debug_macro   0x00000000       0x3a Dave/Generated/src/IO004/IO004.o
 .debug_macro   0x00000000       0x10 Dave/Generated/src/IO004/IO004.o
 .debug_macro   0x00000000       0x2e Dave/Generated/src/IO004/IO004.o
 .debug_macro   0x00000000       0xa3 Dave/Generated/src/IO004/IO004.o
 .debug_macro   0x00000000      0x20e Dave/Generated/src/IO004/IO004.o
 .debug_macro   0x00000000       0x1f Dave/Generated/src/IO004/IO004.o
 .debug_macro   0x00000000      0x242 Dave/Generated/src/IO004/IO004.o
 .debug_macro   0x00000000       0x36 Dave/Generated/src/IO004/IO004.o
 .debug_macro   0x00000000     0x4d2c Dave/Generated/src/IO004/IO004.o
 .debug_macro   0x00000000      0x16c Dave/Generated/src/IO004/IO004.o
 .debug_macro   0x00000000       0x22 Dave/Generated/src/IO004/IO004.o
 .debug_macro   0x00000000      0x311 Dave/Generated/src/IO004/IO004.o
 .debug_macro   0x00000000      0x130 Dave/Generated/src/IO004/IO004.o
 .debug_macro   0x00000000       0xb0 Dave/Generated/src/IO004/IO004.o
 .debug_macro   0x00000000       0x34 Dave/Generated/src/IO004/IO004.o
 .debug_macro   0x00000000       0x11 Dave/Generated/src/IO004/IO004.o
 .debug_macro   0x00000000       0x2d Dave/Generated/src/IO004/IO004.o
 .debug_macro   0x00000000       0x28 Dave/Generated/src/IO004/IO004.o
 .comment       0x00000000       0x71 Dave/Generated/src/IO004/IO004.o
 .group         0x00000000        0x8 Dave/Generated/src/IO004/IO004_Conf.o
 .group         0x00000000        0x8 Dave/Generated/src/IO004/IO004_Conf.o
 .group         0x00000000        0x8 Dave/Generated/src/IO004/IO004_Conf.o
 .group         0x00000000        0x8 Dave/Generated/src/IO004/IO004_Conf.o
 .group         0x00000000        0x8 Dave/Generated/src/IO004/IO004_Conf.o
 .group         0x00000000        0x8 Dave/Generated/src/IO004/IO004_Conf.o
 .group         0x00000000        0x8 Dave/Generated/src/IO004/IO004_Conf.o
 .group         0x00000000        0x8 Dave/Generated/src/IO004/IO004_Conf.o
 .group         0x00000000        0x8 Dave/Generated/src/IO004/IO004_Conf.o
 .group         0x00000000        0x8 Dave/Generated/src/IO004/IO004_Conf.o
 .group         0x00000000        0x8 Dave/Generated/src/IO004/IO004_Conf.o
 .group         0x00000000        0x8 Dave/Generated/src/IO004/IO004_Conf.o
 .group         0x00000000        0x8 Dave/Generated/src/IO004/IO004_Conf.o
 .group         0x00000000        0x8 Dave/Generated/src/IO004/IO004_Conf.o
 .group         0x00000000        0x8 Dave/Generated/src/IO004/IO004_Conf.o
 .group         0x00000000        0x8 Dave/Generated/src/IO004/IO004_Conf.o
 .group         0x00000000        0x8 Dave/Generated/src/IO004/IO004_Conf.o
 .group         0x00000000        0x8 Dave/Generated/src/IO004/IO004_Conf.o
 .group         0x00000000        0x8 Dave/Generated/src/IO004/IO004_Conf.o
 .group         0x00000000        0x8 Dave/Generated/src/IO004/IO004_Conf.o
 .group         0x00000000        0x8 Dave/Generated/src/IO004/IO004_Conf.o
 .debug_macro   0x00000000      0x7f0 Dave/Generated/src/IO004/IO004_Conf.o
 .debug_macro   0x00000000       0x22 Dave/Generated/src/IO004/IO004_Conf.o
 .debug_macro   0x00000000       0x3a Dave/Generated/src/IO004/IO004_Conf.o
 .debug_macro   0x00000000       0x3a Dave/Generated/src/IO004/IO004_Conf.o
 .debug_macro   0x00000000       0x10 Dave/Generated/src/IO004/IO004_Conf.o
 .debug_macro   0x00000000       0x2e Dave/Generated/src/IO004/IO004_Conf.o
 .debug_macro   0x00000000       0xa3 Dave/Generated/src/IO004/IO004_Conf.o
 .debug_macro   0x00000000      0x20e Dave/Generated/src/IO004/IO004_Conf.o
 .debug_macro   0x00000000       0x1f Dave/Generated/src/IO004/IO004_Conf.o
 .debug_macro   0x00000000      0x242 Dave/Generated/src/IO004/IO004_Conf.o
 .debug_macro   0x00000000       0x36 Dave/Generated/src/IO004/IO004_Conf.o
 .debug_macro   0x00000000     0x4d2c Dave/Generated/src/IO004/IO004_Conf.o
 .debug_macro   0x00000000      0x16c Dave/Generated/src/IO004/IO004_Conf.o
 .debug_macro   0x00000000       0x22 Dave/Generated/src/IO004/IO004_Conf.o
 .debug_macro   0x00000000      0x311 Dave/Generated/src/IO004/IO004_Conf.o
 .debug_macro   0x00000000      0x130 Dave/Generated/src/IO004/IO004_Conf.o
 .debug_macro   0x00000000       0xb0 Dave/Generated/src/IO004/IO004_Conf.o
 .debug_macro   0x00000000       0x34 Dave/Generated/src/IO004/IO004_Conf.o
 .debug_macro   0x00000000       0x11 Dave/Generated/src/IO004/IO004_Conf.o
 .debug_macro   0x00000000       0x2d Dave/Generated/src/IO004/IO004_Conf.o
 .debug_macro   0x00000000       0x28 Dave/Generated/src/IO004/IO004_Conf.o
 .comment       0x00000000       0x71 Dave/Generated/src/IO004/IO004_Conf.o
 .group         0x00000000        0x8 Dave/Generated/src/DAVESupport/DAVE3.o
 .group         0x00000000        0x8 Dave/Generated/src/DAVESupport/DAVE3.o
 .group         0x00000000        0x8 Dave/Generated/src/DAVESupport/DAVE3.o
 .group         0x00000000        0x8 Dave/Generated/src/DAVESupport/DAVE3.o
 .group         0x00000000        0x8 Dave/Generated/src/DAVESupport/DAVE3.o
 .group         0x00000000        0x8 Dave/Generated/src/DAVESupport/DAVE3.o
 .group         0x00000000        0x8 Dave/Generated/src/DAVESupport/DAVE3.o
 .group         0x00000000        0x8 Dave/Generated/src/DAVESupport/DAVE3.o
 .group         0x00000000        0x8 Dave/Generated/src/DAVESupport/DAVE3.o
 .group         0x00000000        0x8 Dave/Generated/src/DAVESupport/DAVE3.o
 .group         0x00000000        0x8 Dave/Generated/src/DAVESupport/DAVE3.o
 .group         0x00000000        0x8 Dave/Generated/src/DAVESupport/DAVE3.o
 .group         0x00000000        0x8 Dave/Generated/src/DAVESupport/DAVE3.o
 .group         0x00000000        0x8 Dave/Generated/src/DAVESupport/DAVE3.o
 .group         0x00000000        0x8 Dave/Generated/src/DAVESupport/DAVE3.o
 .group         0x00000000        0x8 Dave/Generated/src/DAVESupport/DAVE3.o
 .group         0x00000000        0x8 Dave/Generated/src/DAVESupport/DAVE3.o
 .group         0x00000000        0x8 Dave/Generated/src/DAVESupport/DAVE3.o
 .group         0x00000000        0x8 Dave/Generated/src/DAVESupport/DAVE3.o
 .group         0x00000000        0x8 Dave/Generated/src/DAVESupport/DAVE3.o
 .group         0x00000000        0x8 Dave/Generated/src/DAVESupport/DAVE3.o
 .debug_macro   0x00000000      0x7f0 Dave/Generated/src/DAVESupport/DAVE3.o
 .debug_macro   0x00000000       0x22 Dave/Generated/src/DAVESupport/DAVE3.o
 .debug_macro   0x00000000       0x3a Dave/Generated/src/DAVESupport/DAVE3.o
 .debug_macro   0x00000000       0x3a Dave/Generated/src/DAVESupport/DAVE3.o
 .debug_macro   0x00000000       0x10 Dave/Generated/src/DAVESupport/DAVE3.o
 .debug_macro   0x00000000       0x2e Dave/Generated/src/DAVESupport/DAVE3.o
 .debug_macro   0x00000000       0xa3 Dave/Generated/src/DAVESupport/DAVE3.o
 .debug_macro   0x00000000      0x20e Dave/Generated/src/DAVESupport/DAVE3.o
 .debug_macro   0x00000000       0x1f Dave/Generated/src/DAVESupport/DAVE3.o
 .debug_macro   0x00000000      0x242 Dave/Generated/src/DAVESupport/DAVE3.o
 .debug_macro   0x00000000       0x36 Dave/Generated/src/DAVESupport/DAVE3.o
 .debug_macro   0x00000000     0x4d2c Dave/Generated/src/DAVESupport/DAVE3.o
 .debug_macro   0x00000000      0x16c Dave/Generated/src/DAVESupport/DAVE3.o
 .debug_macro   0x00000000       0x22 Dave/Generated/src/DAVESupport/DAVE3.o
 .debug_macro   0x00000000      0x311 Dave/Generated/src/DAVESupport/DAVE3.o
 .debug_macro   0x00000000      0x130 Dave/Generated/src/DAVESupport/DAVE3.o
 .debug_macro   0x00000000       0xb0 Dave/Generated/src/DAVESupport/DAVE3.o
 .debug_macro   0x00000000       0x34 Dave/Generated/src/DAVESupport/DAVE3.o
 .debug_macro   0x00000000       0x11 Dave/Generated/src/DAVESupport/DAVE3.o
 .debug_macro   0x00000000       0x2d Dave/Generated/src/DAVESupport/DAVE3.o
 .debug_macro   0x00000000       0x28 Dave/Generated/src/DAVESupport/DAVE3.o
 .comment       0x00000000       0x71 Dave/Generated/src/DAVESupport/DAVE3.o
 .group         0x00000000        0x8 Dave/Generated/src/DAVESupport/MULTIPLEXER.o
 .group         0x00000000        0x8 Dave/Generated/src/DAVESupport/MULTIPLEXER.o
 .group         0x00000000        0x8 Dave/Generated/src/DAVESupport/MULTIPLEXER.o
 .group         0x00000000        0x8 Dave/Generated/src/DAVESupport/MULTIPLEXER.o
 .group         0x00000000        0x8 Dave/Generated/src/DAVESupport/MULTIPLEXER.o
 .group         0x00000000        0x8 Dave/Generated/src/DAVESupport/MULTIPLEXER.o
 .group         0x00000000        0x8 Dave/Generated/src/DAVESupport/MULTIPLEXER.o
 .group         0x00000000        0x8 Dave/Generated/src/DAVESupport/MULTIPLEXER.o
 .group         0x00000000        0x8 Dave/Generated/src/DAVESupport/MULTIPLEXER.o
 .group         0x00000000        0x8 Dave/Generated/src/DAVESupport/MULTIPLEXER.o
 .group         0x00000000        0x8 Dave/Generated/src/DAVESupport/MULTIPLEXER.o
 .group         0x00000000        0x8 Dave/Generated/src/DAVESupport/MULTIPLEXER.o
 .group         0x00000000        0x8 Dave/Generated/src/DAVESupport/MULTIPLEXER.o
 .group         0x00000000        0x8 Dave/Generated/src/DAVESupport/MULTIPLEXER.o
 .group         0x00000000        0x8 Dave/Generated/src/DAVESupport/MULTIPLEXER.o
 .group         0x00000000        0x8 Dave/Generated/src/DAVESupport/MULTIPLEXER.o
 .group         0x00000000        0x8 Dave/Generated/src/DAVESupport/MULTIPLEXER.o
 .group         0x00000000        0x8 Dave/Generated/src/DAVESupport/MULTIPLEXER.o
 .group         0x00000000        0x8 Dave/Generated/src/DAVESupport/MULTIPLEXER.o
 .group         0x00000000        0x8 Dave/Generated/src/DAVESupport/MULTIPLEXER.o
 .group         0x00000000        0x8 Dave/Generated/src/DAVESupport/MULTIPLEXER.o
 .debug_macro   0x00000000      0x7f0 Dave/Generated/src/DAVESupport/MULTIPLEXER.o
 .debug_macro   0x00000000       0x22 Dave/Generated/src/DAVESupport/MULTIPLEXER.o
 .debug_macro   0x00000000       0x3a Dave/Generated/src/DAVESupport/MULTIPLEXER.o
 .debug_macro   0x00000000       0x3a Dave/Generated/src/DAVESupport/MULTIPLEXER.o
 .debug_macro   0x00000000       0x10 Dave/Generated/src/DAVESupport/MULTIPLEXER.o
 .debug_macro   0x00000000       0x2e Dave/Generated/src/DAVESupport/MULTIPLEXER.o
 .debug_macro   0x00000000       0xa3 Dave/Generated/src/DAVESupport/MULTIPLEXER.o
 .debug_macro   0x00000000      0x20e Dave/Generated/src/DAVESupport/MULTIPLEXER.o
 .debug_macro   0x00000000       0x1f Dave/Generated/src/DAVESupport/MULTIPLEXER.o
 .debug_macro   0x00000000      0x242 Dave/Generated/src/DAVESupport/MULTIPLEXER.o
 .debug_macro   0x00000000       0x36 Dave/Generated/src/DAVESupport/MULTIPLEXER.o
 .debug_macro   0x00000000     0x4d2c Dave/Generated/src/DAVESupport/MULTIPLEXER.o
 .debug_macro   0x00000000      0x16c Dave/Generated/src/DAVESupport/MULTIPLEXER.o
 .debug_macro   0x00000000       0x22 Dave/Generated/src/DAVESupport/MULTIPLEXER.o
 .debug_macro   0x00000000      0x311 Dave/Generated/src/DAVESupport/MULTIPLEXER.o
 .debug_macro   0x00000000      0x130 Dave/Generated/src/DAVESupport/MULTIPLEXER.o
 .debug_macro   0x00000000       0xb0 Dave/Generated/src/DAVESupport/MULTIPLEXER.o
 .debug_macro   0x00000000       0x34 Dave/Generated/src/DAVESupport/MULTIPLEXER.o
 .debug_macro   0x00000000       0x11 Dave/Generated/src/DAVESupport/MULTIPLEXER.o
 .debug_macro   0x00000000       0x2d Dave/Generated/src/DAVESupport/MULTIPLEXER.o
 .debug_macro   0x00000000       0x28 Dave/Generated/src/DAVESupport/MULTIPLEXER.o
 .comment       0x00000000       0x71 Dave/Generated/src/DAVESupport/MULTIPLEXER.o
 .group         0x00000000        0x8 Dave/Generated/src/CLK002/CLK002.o
 .group         0x00000000        0x8 Dave/Generated/src/CLK002/CLK002.o
 .group         0x00000000        0x8 Dave/Generated/src/CLK002/CLK002.o
 .group         0x00000000        0x8 Dave/Generated/src/CLK002/CLK002.o
 .group         0x00000000        0x8 Dave/Generated/src/CLK002/CLK002.o
 .group         0x00000000        0x8 Dave/Generated/src/CLK002/CLK002.o
 .group         0x00000000        0x8 Dave/Generated/src/CLK002/CLK002.o
 .group         0x00000000        0x8 Dave/Generated/src/CLK002/CLK002.o
 .group         0x00000000        0x8 Dave/Generated/src/CLK002/CLK002.o
 .group         0x00000000        0x8 Dave/Generated/src/CLK002/CLK002.o
 .group         0x00000000        0x8 Dave/Generated/src/CLK002/CLK002.o
 .group         0x00000000        0x8 Dave/Generated/src/CLK002/CLK002.o
 .group         0x00000000        0x8 Dave/Generated/src/CLK002/CLK002.o
 .group         0x00000000        0x8 Dave/Generated/src/CLK002/CLK002.o
 .group         0x00000000        0x8 Dave/Generated/src/CLK002/CLK002.o
 .group         0x00000000        0x8 Dave/Generated/src/CLK002/CLK002.o
 .group         0x00000000        0x8 Dave/Generated/src/CLK002/CLK002.o
 .group         0x00000000        0x8 Dave/Generated/src/CLK002/CLK002.o
 .group         0x00000000        0x8 Dave/Generated/src/CLK002/CLK002.o
 .group         0x00000000        0x8 Dave/Generated/src/CLK002/CLK002.o
 .group         0x00000000        0x8 Dave/Generated/src/CLK002/CLK002.o
 .debug_macro   0x00000000      0x7f0 Dave/Generated/src/CLK002/CLK002.o
 .debug_macro   0x00000000       0x22 Dave/Generated/src/CLK002/CLK002.o
 .debug_macro   0x00000000       0x3a Dave/Generated/src/CLK002/CLK002.o
 .debug_macro   0x00000000       0x3a Dave/Generated/src/CLK002/CLK002.o
 .debug_macro   0x00000000       0x10 Dave/Generated/src/CLK002/CLK002.o
 .debug_macro   0x00000000       0x2e Dave/Generated/src/CLK002/CLK002.o
 .debug_macro   0x00000000       0xa3 Dave/Generated/src/CLK002/CLK002.o
 .debug_macro   0x00000000      0x20e Dave/Generated/src/CLK002/CLK002.o
 .debug_macro   0x00000000       0x1f Dave/Generated/src/CLK002/CLK002.o
 .debug_macro   0x00000000      0x242 Dave/Generated/src/CLK002/CLK002.o
 .debug_macro   0x00000000       0x36 Dave/Generated/src/CLK002/CLK002.o
 .debug_macro   0x00000000     0x4d2c Dave/Generated/src/CLK002/CLK002.o
 .debug_macro   0x00000000      0x16c Dave/Generated/src/CLK002/CLK002.o
 .debug_macro   0x00000000       0x22 Dave/Generated/src/CLK002/CLK002.o
 .debug_macro   0x00000000      0x311 Dave/Generated/src/CLK002/CLK002.o
 .debug_macro   0x00000000      0x130 Dave/Generated/src/CLK002/CLK002.o
 .debug_macro   0x00000000       0xb0 Dave/Generated/src/CLK002/CLK002.o
 .debug_macro   0x00000000       0x34 Dave/Generated/src/CLK002/CLK002.o
 .debug_macro   0x00000000       0x11 Dave/Generated/src/CLK002/CLK002.o
 .debug_macro   0x00000000       0x2d Dave/Generated/src/CLK002/CLK002.o
 .debug_macro   0x00000000       0x28 Dave/Generated/src/CLK002/CLK002.o
 .comment       0x00000000       0x71 Dave/Generated/src/CLK002/CLK002.o

Memory Configuration

Name             Origin             Length             Attributes
FLASH            0x10001000         0x00010000         xr
SRAM             0x20000000         0x00004000         !xr
*default*        0x00000000         0xffffffff

Linker script and memory map

LOAD Main.o
LOAD colorManagement.o
LOAD light_ws2812_cortex.o
LOAD Startup/startup_XMC1100.o
LOAD Startup/system_XMC1100.o
LOAD Lib/System_LibcStubs.o
LOAD Dave/Generated/src/UART001/UART001.o
LOAD Dave/Generated/src/UART001/UART001_Conf.o
LOAD Dave/Generated/src/SYSTM001/SYSTM001.o
LOAD Dave/Generated/src/IO004/IO004.o
LOAD Dave/Generated/src/IO004/IO004_Conf.o
LOAD Dave/Generated/src/DAVESupport/DAVE3.o
LOAD Dave/Generated/src/DAVESupport/MULTIPLEXER.o
LOAD Dave/Generated/src/CLK002/CLK002.o
START GROUP
LOAD c:/dave-3.1.10/arm-gcc/bin/../lib/gcc/arm-none-eabi/4.7.4/armv6-m\libgcc.a
LOAD c:/dave-3.1.10/arm-gcc/bin/../lib/gcc/arm-none-eabi/4.7.4/../../../../arm-none-eabi/lib/armv6-m\libg.a
LOAD c:/dave-3.1.10/arm-gcc/bin/../lib/gcc/arm-none-eabi/4.7.4/../../../../arm-none-eabi/lib/armv6-m\libc.a
END GROUP
                0x00000800                stack_size = 0x800

.text           0x10001000     0x3af0
                0x10001000                sText = .
 *(.Xmc1100.reset)
 .Xmc1100.reset
                0x10001000       0x2c Startup/startup_XMC1100.o
                0x10001000                __Xmc1100_interrupt_vector_cortex_m
                0x10001018                __Xmc1100_reset_cortex_m
 *(.Xmc1100.postreset)
 .Xmc1100.postreset
                0x1000102c       0xa0 Startup/startup_XMC1100.o
 *(.XmcStartup)
 .XmcStartup    0x100010cc        0x8 Startup/startup_XMC1100.o
                0x100010cc                software_init_hook
                0x100010d0                hardware_init_hook
 *(.text .text.* .gnu.linkonce.t.*)
 .text          0x100010d4        0x0 Main.o
 .text.P0_5_set_mode
                0x100010d4       0x38 Main.o
 .text.P0_6_set_mode
                0x1000110c       0x38 Main.o
 .text.P0_6_read
                0x10001144       0x18 Main.o
 .text.main     0x1000115c       0xbc Main.o
                0x1000115c                main
 .text.buttonRead
                0x10001218       0x68 Main.o
                0x10001218                buttonRead
 .text          0x10001280        0x0 colorManagement.o
 .text.updateWS2812LEDs
                0x10001280       0xbc colorManagement.o
                0x10001280                updateWS2812LEDs
 .text.redDotOnBlueLine
                0x1000133c       0xec colorManagement.o
                0x1000133c                redDotOnBlueLine
 .text          0x10001428        0x0 light_ws2812_cortex.o
 .text.ws2812_sendarray
                0x10001428       0x6c light_ws2812_cortex.o
                0x10001428                ws2812_sendarray
 .text          0x10001494       0x30 Startup/startup_XMC1100.o
                0x10001494                NMI_Handler
                0x10001496                HardFault_Handler
                0x10001498                SVC_Handler
                0x1000149a                PendSV_Handler
                0x1000149e                SCU_0_IRQHandler
                0x100014a0                SCU_1_IRQHandler
                0x100014a2                SCU_2_IRQHandler
                0x100014a4                ERU0_0_IRQHandler
                0x100014a6                ERU0_1_IRQHandler
                0x100014a8                ERU0_2_IRQHandler
                0x100014aa                ERU0_3_IRQHandler
                0x100014ac                VADC0_C0_0_IRQHandler
                0x100014ae                VADC0_C0_1_IRQHandler
                0x100014b0                CCU40_0_IRQHandler
                0x100014b2                CCU40_1_IRQHandler
                0x100014b4                CCU40_2_IRQHandler
                0x100014b6                CCU40_3_IRQHandler
                0x100014b8                USIC0_0_IRQHandler
                0x100014ba                USIC0_1_IRQHandler
                0x100014bc                USIC0_2_IRQHandler
                0x100014be                USIC0_3_IRQHandler
                0x100014c0                USIC0_4_IRQHandler
                0x100014c2                USIC0_5_IRQHandler
 .text          0x100014c4        0x0 Startup/system_XMC1100.o
 .text.SystemInit
                0x100014c4        0xc Startup/system_XMC1100.o
                0x100014c4                SystemInit
 .text.SystemCoreClockUpdate
                0x100014d0       0x5c Startup/system_XMC1100.o
                0x100014d0                SystemCoreClockUpdate
 .text          0x1000152c        0x0 Lib/System_LibcStubs.o
 .text._open    0x1000152c       0x18 Lib/System_LibcStubs.o
                0x1000152c                _open
 .text._lseek   0x10001544       0x18 Lib/System_LibcStubs.o
                0x10001544                _lseek
 .text._read    0x1000155c       0x18 Lib/System_LibcStubs.o
                0x1000155c                _read
 .text._write   0x10001574       0x18 Lib/System_LibcStubs.o
                0x10001574                _write
 .text._close   0x1000158c       0x10 Lib/System_LibcStubs.o
                0x1000158c                _close
 .text._fstat   0x1000159c       0x24 Lib/System_LibcStubs.o
                0x1000159c                _fstat
 .text._link    0x100015c0       0x24 Lib/System_LibcStubs.o
                0x100015c0                _link
 .text._unlink  0x100015e4       0x14 Lib/System_LibcStubs.o
                0x100015e4                _unlink
 .text._sbrk    0x100015f8       0x6c Lib/System_LibcStubs.o
                0x100015f8                _sbrk
 .text._times   0x10001664       0x14 Lib/System_LibcStubs.o
                0x10001664                _times
 .text._wait    0x10001678       0x14 Lib/System_LibcStubs.o
                0x10001678                _wait
 .text._kill    0x1000168c       0x18 Lib/System_LibcStubs.o
                0x1000168c                _kill
 .text._fork    0x100016a4       0x10 Lib/System_LibcStubs.o
                0x100016a4                _fork
 .text._getpid  0x100016b4       0x10 Lib/System_LibcStubs.o
                0x100016b4                _getpid
 .text._exit    0x100016c4        0xc Lib/System_LibcStubs.o
                0x100016c4                _exit
 .text._init    0x100016d0        0x8 Lib/System_LibcStubs.o
                0x100016d0                _init
 .text._isatty  0x100016d8       0x14 Lib/System_LibcStubs.o
                0x100016d8                _isatty
 .text          0x100016ec        0x0 Dave/Generated/src/UART001/UART001.o
 .text.UART001_lInit
                0x100016ec      0x1b4 Dave/Generated/src/UART001/UART001.o
                0x100016ec                UART001_lInit
 .text.UART001_lConfigTXPin
                0x100018a0       0xe0 Dave/Generated/src/UART001/UART001.o
                0x100018a0                UART001_lConfigTXPin
 .text.UART001_labsRealType
                0x10001980       0x30 Dave/Generated/src/UART001/UART001.o
                0x10001980                UART001_labsRealType
 .text.UART001_lConfigureBaudRate
                0x100019b0      0x51c Dave/Generated/src/UART001/UART001.o
                0x100019b0                UART001_lConfigureBaudRate
 .text.UART001_Init
                0x10001ecc       0x8c Dave/Generated/src/UART001/UART001.o
                0x10001ecc                UART001_Init
 .text.UART001_DeInit
                0x10001f58       0x10 Dave/Generated/src/UART001/UART001.o
                0x10001f58                UART001_DeInit
 .text.UART001_Configure
                0x10001f68      0x110 Dave/Generated/src/UART001/UART001.o
                0x10001f68                UART001_Configure
 .text.UART001_ReadDataMultiple
                0x10002078       0x74 Dave/Generated/src/UART001/UART001.o
                0x10002078                UART001_ReadDataMultiple
 .text.UART001_ReadDataBytes
                0x100020ec       0x74 Dave/Generated/src/UART001/UART001.o
                0x100020ec                UART001_ReadDataBytes
 .text.UART001_WriteDataMultiple
                0x10002160       0x80 Dave/Generated/src/UART001/UART001.o
                0x10002160                UART001_WriteDataMultiple
 .text.UART001_WriteDataBytes
                0x100021e0       0x80 Dave/Generated/src/UART001/UART001.o
                0x100021e0                UART001_WriteDataBytes
 .text.UART001_GetFlagStatus
                0x10002260       0x8c Dave/Generated/src/UART001/UART001.o
                0x10002260                UART001_GetFlagStatus
 .text.UART001_ClearFlag
                0x100022ec       0x88 Dave/Generated/src/UART001/UART001.o
                0x100022ec                UART001_ClearFlag
 .text          0x10002374        0x0 Dave/Generated/src/UART001/UART001_Conf.o
 .text          0x10002374        0x0 Dave/Generated/src/SYSTM001/SYSTM001.o
 .text.NVIC_SetPriority
                0x10002374       0xe0 Dave/Generated/src/SYSTM001/SYSTM001.o
 .text.SysTick_Config
                0x10002454       0x48 Dave/Generated/src/SYSTM001/SYSTM001.o
 .text.SYSTM001_lInsertTimerList
                0x1000249c      0x154 Dave/Generated/src/SYSTM001/SYSTM001.o
 .text.SYSTM001_lRemoveTimerList
                0x100025f0       0xb4 Dave/Generated/src/SYSTM001/SYSTM001.o
 .text.SYSTM001_lTimerHandler
                0x100026a4       0x88 Dave/Generated/src/SYSTM001/SYSTM001.o
 .text.SysTick_Handler
                0x1000272c       0x48 Dave/Generated/src/SYSTM001/SYSTM001.o
                0x1000272c                SysTick_Handler
 .text.SYSTM001_Init
                0x10002774       0x44 Dave/Generated/src/SYSTM001/SYSTM001.o
                0x10002774                SYSTM001_Init
 .text.SYSTM001_CreateTimer
                0x100027b8      0x124 Dave/Generated/src/SYSTM001/SYSTM001.o
                0x100027b8                SYSTM001_CreateTimer
 .text.SYSTM001_StartTimer
                0x100028dc       0x80 Dave/Generated/src/SYSTM001/SYSTM001.o
                0x100028dc                SYSTM001_StartTimer
 .text.SYSTM001_StopTimer
                0x1000295c       0x6c Dave/Generated/src/SYSTM001/SYSTM001.o
                0x1000295c                SYSTM001_StopTimer
 .text.SYSTM001_DeleteTimer
                0x100029c8       0x74 Dave/Generated/src/SYSTM001/SYSTM001.o
                0x100029c8                SYSTM001_DeleteTimer
 .text.SYSTM001_GetTime
                0x10002a3c       0x14 Dave/Generated/src/SYSTM001/SYSTM001.o
                0x10002a3c                SYSTM001_GetTime
 .text.SYSTM001_GetSysTickCount
                0x10002a50       0x58 Dave/Generated/src/SYSTM001/SYSTM001.o
                0x10002a50                SYSTM001_GetSysTickCount
 .text          0x10002aa8        0x0 Dave/Generated/src/IO004/IO004.o
 .text.IO004_Init
                0x10002aa8       0x38 Dave/Generated/src/IO004/IO004.o
                0x10002aa8                IO004_Init
 .text.IO004_DisableOutputDriver
                0x10002ae0      0x1b4 Dave/Generated/src/IO004/IO004.o
                0x10002ae0                IO004_DisableOutputDriver
 .text.IO004_EnableOutputDriver
                0x10002c94      0x1b4 Dave/Generated/src/IO004/IO004.o
                0x10002c94                IO004_EnableOutputDriver
 .text          0x10002e48        0x0 Dave/Generated/src/IO004/IO004_Conf.o
 .text          0x10002e48        0x0 Dave/Generated/src/DAVESupport/DAVE3.o
 .text.DAVE_Init
                0x10002e48       0x20 Dave/Generated/src/DAVESupport/DAVE3.o
                0x10002e48                DAVE_Init
 .text          0x10002e68        0x0 Dave/Generated/src/DAVESupport/MULTIPLEXER.o
 .text.DAVE_MUX_Init
                0x10002e68      0x104 Dave/Generated/src/DAVESupport/MULTIPLEXER.o
                0x10002e68                DAVE_MUX_Init
 .text.DAVE_MUX_PreInit
                0x10002f6c       0x1c Dave/Generated/src/DAVESupport/MULTIPLEXER.o
                0x10002f6c                DAVE_MUX_PreInit
 .text          0x10002f88        0x0 Dave/Generated/src/CLK002/CLK002.o
 .text.CLK002_Init
                0x10002f88       0x38 Dave/Generated/src/CLK002/CLK002.o
                0x10002f88                CLK002_Init
 .text.AllowClkInitByStartup
                0x10002fc0        0xc Dave/Generated/src/CLK002/CLK002.o
                0x10002fc0                AllowClkInitByStartup
 .text.CLK002_lDivUpdate
                0x10002fcc       0x78 Dave/Generated/src/CLK002/CLK002.o
 .text.CLK002_lFrequencyUpScaling
                0x10003044       0xbc Dave/Generated/src/CLK002/CLK002.o
 .text.CLK002_lFrequencyDownScaling
                0x10003100       0xb0 Dave/Generated/src/CLK002/CLK002.o
 .text          0x100031b0       0x9c c:/dave-3.1.10/arm-gcc/bin/../lib/gcc/arm-none-eabi/4.7.4/armv6-m\libgcc.a(_udivsi3.o)
                0x100031b0                __aeabi_uidiv
                0x100031b0                __udivsi3
                0x10003238                __aeabi_uidivmod
 .text          0x1000324c        0x4 c:/dave-3.1.10/arm-gcc/bin/../lib/gcc/arm-none-eabi/4.7.4/armv6-m\libgcc.a(_dvmd_tls.o)
                0x1000324c                __aeabi_idiv0
                0x1000324c                __aeabi_ldiv0
 .text          0x10003250       0x74 c:/dave-3.1.10/arm-gcc/bin/../lib/gcc/arm-none-eabi/4.7.4/armv6-m\libgcc.a(_arm_cmpsf2.o)
                0x10003250                __aeabi_cfrcmple
                0x10003258                __aeabi_cfcmpeq
                0x10003258                __aeabi_cfcmple
                0x10003268                __aeabi_fcmpeq
                0x10003274                __aeabi_fcmplt
                0x10003288                __aeabi_fcmple
                0x1000329c                __aeabi_fcmpgt
                0x100032b0                __aeabi_fcmpge
 *fill*         0x100032c4        0x4 00
 .text          0x100032c8       0x40 c:/dave-3.1.10/arm-gcc/bin/../lib/gcc/arm-none-eabi/4.7.4/armv6-m\libgcc.a(_fixunsdfsi.o)
                0x100032c8                __aeabi_d2uiz
                0x100032c8                __fixunsdfsi
 .text          0x10003308      0x274 c:/dave-3.1.10/arm-gcc/bin/../lib/gcc/arm-none-eabi/4.7.4/armv6-m\libgcc.a(divsf3.o)
                0x10003308                __aeabi_fdiv
 .text          0x1000357c       0x50 c:/dave-3.1.10/arm-gcc/bin/../lib/gcc/arm-none-eabi/4.7.4/armv6-m\libgcc.a(eqsf2.o)
                0x1000357c                __eqsf2
                0x1000357c                __nesf2
 .text          0x100035cc       0x90 c:/dave-3.1.10/arm-gcc/bin/../lib/gcc/arm-none-eabi/4.7.4/armv6-m\libgcc.a(gesf2.o)
                0x100035cc                __gesf2
                0x100035cc                __gtsf2
 .text          0x1000365c       0x90 c:/dave-3.1.10/arm-gcc/bin/../lib/gcc/arm-none-eabi/4.7.4/armv6-m\libgcc.a(lesf2.o)
                0x1000365c                __ltsf2
                0x1000365c                __lesf2
 .text          0x100036ec      0x3b4 c:/dave-3.1.10/arm-gcc/bin/../lib/gcc/arm-none-eabi/4.7.4/armv6-m\libgcc.a(subsf3.o)
                0x100036ec                __aeabi_fsub
 .text          0x10003aa0       0xa8 c:/dave-3.1.10/arm-gcc/bin/../lib/gcc/arm-none-eabi/4.7.4/armv6-m\libgcc.a(floatunsisf.o)
                0x10003aa0                __aeabi_ui2f
 .text          0x10003b48      0x4e4 c:/dave-3.1.10/arm-gcc/bin/../lib/gcc/arm-none-eabi/4.7.4/armv6-m\libgcc.a(muldf3.o)
                0x10003b48                __aeabi_dmul
 .text          0x1000402c      0x704 c:/dave-3.1.10/arm-gcc/bin/../lib/gcc/arm-none-eabi/4.7.4/armv6-m\libgcc.a(subdf3.o)
                0x1000402c                __aeabi_dsub
 .text          0x10004730       0x68 c:/dave-3.1.10/arm-gcc/bin/../lib/gcc/arm-none-eabi/4.7.4/armv6-m\libgcc.a(fixdfsi.o)
                0x10004730                __aeabi_d2iz
 .text          0x10004798       0x64 c:/dave-3.1.10/arm-gcc/bin/../lib/gcc/arm-none-eabi/4.7.4/armv6-m\libgcc.a(floatunsidf.o)
                0x10004798                __aeabi_ui2d
 .text          0x100047fc       0x7c c:/dave-3.1.10/arm-gcc/bin/../lib/gcc/arm-none-eabi/4.7.4/armv6-m\libgcc.a(_arm_cmpdf2.o)
                0x100047fc                __aeabi_cdrcmple
                0x1000480c                __aeabi_cdcmple
                0x1000480c                __aeabi_cdcmpeq
                0x1000481c                __aeabi_dcmpeq
                0x10004828                __aeabi_dcmplt
                0x1000483c                __aeabi_dcmple
                0x10004850                __aeabi_dcmpgt
                0x10004864                __aeabi_dcmpge
 .text          0x10004878       0x3c c:/dave-3.1.10/arm-gcc/bin/../lib/gcc/arm-none-eabi/4.7.4/armv6-m\libgcc.a(_clzsi2.o)
                0x10004878                __clzsi2
 .text          0x100048b4       0x7c c:/dave-3.1.10/arm-gcc/bin/../lib/gcc/arm-none-eabi/4.7.4/armv6-m\libgcc.a(eqdf2.o)
                0x100048b4                __nedf2
                0x100048b4                __eqdf2
 .text          0x10004930       0xe8 c:/dave-3.1.10/arm-gcc/bin/../lib/gcc/arm-none-eabi/4.7.4/armv6-m\libgcc.a(gedf2.o)
                0x10004930                __gedf2
                0x10004930                __gtdf2
 .text          0x10004a18       0xd8 c:/dave-3.1.10/arm-gcc/bin/../lib/gcc/arm-none-eabi/4.7.4/armv6-m\libgcc.a(ledf2.o)
                0x10004a18                __ledf2
                0x10004a18                __ltdf2
 *(.glue*)
 .glue_7        0x00000000        0x0 linker stubs
 .glue_7t       0x00000000        0x0 linker stubs
 *(.v4*)
 .v4_bx         0x00000000        0x0 linker stubs
 *(.vfp11_veneer)
 .vfp11_veneer  0x00000000        0x0 linker stubs
 *(.init)
                0x10004af0                __preinit_array_start = .
 *(.preinit_array)
                0x10004af0                __preinit_array_end = .
                0x10004af0                __init_array_start = .
 *(SORT(.init_array.*))
 *(.init_array)
                0x10004af0                __init_array_end = .
 *crtbegin.o(.ctors)
 *(EXCLUDE_FILE(*crtend.o) .ctors)
 *(SORT(.ctors.*))
 *crtend.o(.ctors)
 *(.fini)
                0x10004af0                __fini_array_start = .
 *(.fini_array)
 *(SORT(.fini_array.*))
                0x10004af0                __fini_array_end = .
 *crtbegin.o(.dtors)
 *(EXCLUDE_FILE(*crtend.o) .dtors)
 *(SORT(.dtors.*))
 *crtend.o(.dtors)
                0x10004af0                __extab_start = .
 *(.ARM.extab* .gnu.linkonce.armextab.*)
 .ARM.extab.Xmc1100.reset
                0x10004af0        0x0 Startup/startup_XMC1100.o
 .ARM.extab.Xmc1100.postreset
                0x10004af0        0x0 Startup/startup_XMC1100.o
                0x10004af0                . = ALIGN (0x4)
                0x10004af0                __extab_end = ABSOLUTE (.)

.iplt           0x10004af0        0x0
 .iplt          0x00000000        0x0 Main.o

.ARM.exidx      0x10004af0       0x10
                0x10004af0                __exidx_start = .
 *(.ARM.exidx* .gnu.linkonce.armexidx.*)
 .ARM.exidx.Xmc1100.reset
                0x10004af0        0x8 Startup/startup_XMC1100.o
 .ARM.exidx.Xmc1100.postreset
                0x10004af8        0x8 Startup/startup_XMC1100.o
                0x10004b00                . = ALIGN (0x4)
                0x10004b00                __exidx_end = ABSOLUTE (.)

.rodata         0x10004b00      0x328
 *(.rodata .rodata.*)
 .rodata        0x10004b00      0x264 colorManagement.o
                0x10004b00                rgb
                0x10004b40                red
                0x10004b80                green
                0x10004bc0                blue
                0x10004c00                white
                0x10004c40                off
                0x10004c80                purpl
                0x10004cc0                cyan
                0x10004d00                yello
 .rodata        0x10004d64       0x34 Dave/Generated/src/UART001/UART001_Conf.o
                0x10004d64                UART001_Handle0
 .rodata        0x10004d98       0x10 Dave/Generated/src/IO004/IO004_Conf.o
                0x10004d98                IO004_Handle0
                0x10004da0                IO004_Handle1
 .rodata        0x10004da8       0x40 c:/dave-3.1.10/arm-gcc/bin/../lib/gcc/arm-none-eabi/4.7.4/armv6-m\libgcc.a(divsf3.o)
 .rodata        0x10004de8       0x40 c:/dave-3.1.10/arm-gcc/bin/../lib/gcc/arm-none-eabi/4.7.4/armv6-m\libgcc.a(muldf3.o)
 *(.gnu.linkonce.r*)
                0x10004e30                . = ALIGN (0x10)
                0x10004e30                eROData = .
                0x10004e30                VeneerLoadAddr = ABSOLUTE (eROData)

.VENEER_Code    0x2000000c      0x110 load address 0x10004e30
                0x2000000c                VeneerStart = .
 *(.XmcVeneerCode)
 .XmcVeneerCode
                0x2000000c      0x110 Startup/startup_XMC1100.o
                0x2000000c                HardFault_Veneer
                0x2000002c                SVC_Veneer
                0x20000038                PendSV_Veneer
                0x2000003c                SysTick_Veneer
                0x20000040                SCU_0_Veneer
                0x20000044                SCU_1_Veneer
                0x20000048                SCU_2_Veneer
                0x2000004c                SCU_3_Veneer
                0x20000050                SCU_4_Veneer
                0x20000054                SCU_5_Veneer
                0x20000058                SCU_6_Veneer
                0x20000064                USIC0_0_Veneer
                0x20000068                USIC0_1_Veneer
                0x2000006c                USIC0_2_Veneer
                0x20000070                USIC0_3_Veneer
                0x20000074                USIC0_4_Veneer
                0x20000078                USIC0_5_Veneer
                0x2000007c                VADC0_C0_0_Veneer
                0x20000080                VADC0_C0_1_Veneer
                0x20000094                CCU40_0_Veneer
                0x20000098                CCU40_1_Veneer
                0x2000009c                CCU40_2_Veneer
                0x200000a0                CCU40_3_Veneer
                0x2000011c                . = ALIGN (0x4)
                0x2000011c                VeneerEnd = .
                0x00000110                VeneerSize = (ABSOLUTE (VeneerEnd) - ABSOLUTE (VeneerStart))

.rel.dyn        0x2000011c        0x0 load address 0x10004f40
 .rel.iplt      0x00000000        0x0 Main.o

.GUARD_Band     0x2000011c        0x4 load address 0x00000000
                0x2000011f                . = (. + 0x3)
 *fill*         0x2000011c        0x3 00
                0x20000120                . = ALIGN (0x10)
 *fill*         0x2000011f        0x1 00
                0x20000120                Guard_Band_End = .

Stack           0x20000120      0x800 load address 0x00000000
                0x20000920                . = (. + stack_size)
 *fill*         0x20000120      0x800 00
                0x20000920                __Xmc1100_stack = .

.bss            0x20000920      0x164
                0x20000920                __Xmc1100_sBSS = .
 *(.bss)
 .bss           0x20000920        0x0 Main.o
 .bss           0x20000920        0x2 colorManagement.o
 .bss           0x20000922        0x0 light_ws2812_cortex.o
 .bss           0x20000922        0x0 Startup/startup_XMC1100.o
 .bss           0x20000922        0x0 Startup/system_XMC1100.o
 *fill*         0x20000922        0x2 00
 .bss           0x20000924        0xc Lib/System_LibcStubs.o
                0x20000924                __dso_handle
 .bss           0x20000930        0x0 Dave/Generated/src/UART001/UART001.o
 .bss           0x20000930        0x0 Dave/Generated/src/UART001/UART001_Conf.o
 .bss           0x20000930        0xc Dave/Generated/src/SYSTM001/SYSTM001.o
                0x20000930                TimerList
                0x20000934                TimerTracker
                0x20000938                SysTickCount
 .bss           0x2000093c        0x0 Dave/Generated/src/IO004/IO004.o
 .bss           0x2000093c        0x0 Dave/Generated/src/IO004/IO004_Conf.o
 .bss           0x2000093c        0x0 Dave/Generated/src/DAVESupport/DAVE3.o
 .bss           0x2000093c        0x0 Dave/Generated/src/DAVESupport/MULTIPLEXER.o
 .bss           0x2000093c        0x0 Dave/Generated/src/CLK002/CLK002.o
 .bss           0x2000093c        0x0 c:/dave-3.1.10/arm-gcc/bin/../lib/gcc/arm-none-eabi/4.7.4/armv6-m\libgcc.a(_udivsi3.o)
 .bss           0x2000093c        0x0 c:/dave-3.1.10/arm-gcc/bin/../lib/gcc/arm-none-eabi/4.7.4/armv6-m\libgcc.a(_dvmd_tls.o)
 .bss           0x2000093c        0x0 c:/dave-3.1.10/arm-gcc/bin/../lib/gcc/arm-none-eabi/4.7.4/armv6-m\libgcc.a(_arm_cmpsf2.o)
 .bss           0x2000093c        0x0 c:/dave-3.1.10/arm-gcc/bin/../lib/gcc/arm-none-eabi/4.7.4/armv6-m\libgcc.a(_fixunsdfsi.o)
 .bss           0x2000093c        0x0 c:/dave-3.1.10/arm-gcc/bin/../lib/gcc/arm-none-eabi/4.7.4/armv6-m\libgcc.a(divsf3.o)
 .bss           0x2000093c        0x0 c:/dave-3.1.10/arm-gcc/bin/../lib/gcc/arm-none-eabi/4.7.4/armv6-m\libgcc.a(eqsf2.o)
 .bss           0x2000093c        0x0 c:/dave-3.1.10/arm-gcc/bin/../lib/gcc/arm-none-eabi/4.7.4/armv6-m\libgcc.a(gesf2.o)
 .bss           0x2000093c        0x0 c:/dave-3.1.10/arm-gcc/bin/../lib/gcc/arm-none-eabi/4.7.4/armv6-m\libgcc.a(lesf2.o)
 .bss           0x2000093c        0x0 c:/dave-3.1.10/arm-gcc/bin/../lib/gcc/arm-none-eabi/4.7.4/armv6-m\libgcc.a(subsf3.o)
 .bss           0x2000093c        0x0 c:/dave-3.1.10/arm-gcc/bin/../lib/gcc/arm-none-eabi/4.7.4/armv6-m\libgcc.a(floatunsisf.o)
 .bss           0x2000093c        0x0 c:/dave-3.1.10/arm-gcc/bin/../lib/gcc/arm-none-eabi/4.7.4/armv6-m\libgcc.a(muldf3.o)
 .bss           0x2000093c        0x0 c:/dave-3.1.10/arm-gcc/bin/../lib/gcc/arm-none-eabi/4.7.4/armv6-m\libgcc.a(subdf3.o)
 .bss           0x2000093c        0x0 c:/dave-3.1.10/arm-gcc/bin/../lib/gcc/arm-none-eabi/4.7.4/armv6-m\libgcc.a(fixdfsi.o)
 .bss           0x2000093c        0x0 c:/dave-3.1.10/arm-gcc/bin/../lib/gcc/arm-none-eabi/4.7.4/armv6-m\libgcc.a(floatunsidf.o)
 .bss           0x2000093c        0x0 c:/dave-3.1.10/arm-gcc/bin/../lib/gcc/arm-none-eabi/4.7.4/armv6-m\libgcc.a(_arm_cmpdf2.o)
 .bss           0x2000093c        0x0 c:/dave-3.1.10/arm-gcc/bin/../lib/gcc/arm-none-eabi/4.7.4/armv6-m\libgcc.a(_clzsi2.o)
 .bss           0x2000093c        0x0 c:/dave-3.1.10/arm-gcc/bin/../lib/gcc/arm-none-eabi/4.7.4/armv6-m\libgcc.a(eqdf2.o)
 .bss           0x2000093c        0x0 c:/dave-3.1.10/arm-gcc/bin/../lib/gcc/arm-none-eabi/4.7.4/armv6-m\libgcc.a(gedf2.o)
 .bss           0x2000093c        0x0 c:/dave-3.1.10/arm-gcc/bin/../lib/gcc/arm-none-eabi/4.7.4/armv6-m\libgcc.a(ledf2.o)
 *(.bss*)
 *(COMMON)
 COMMON         0x2000093c        0x4 Main.o
                0x2000093c                animationTimer
 COMMON         0x20000940        0x4 Startup/system_XMC1100.o
                0x20000940                SystemCoreClock
 COMMON         0x20000944      0x140 Dave/Generated/src/SYSTM001/SYSTM001.o
                0x20000944                TimerTbl
 *(.gnu.linkonce.b*)
                0x20000a84                __Xmc1100_eBSS = ALIGN (0x4)
                0x00000164                __Xmc1100_BSS_Size = (__Xmc1100_eBSS - __Xmc1100_sBSS)
                0x10004f40                DataLoadAddr = (eROData + VeneerSize)

.data           0x20000a90        0x4 load address 0x10004f40
                0x20000a90                __Xmc1100_sData = .
 *(.data)
 .data          0x20000a90        0x0 Main.o
 .data          0x20000a90        0x0 colorManagement.o
 .data          0x20000a90        0x0 light_ws2812_cortex.o
 .data          0x20000a90        0x0 Startup/startup_XMC1100.o
 .data          0x20000a90        0x0 Startup/system_XMC1100.o
 .data          0x20000a90        0x0 Lib/System_LibcStubs.o
 .data          0x20000a90        0x0 Dave/Generated/src/UART001/UART001.o
 .data          0x20000a90        0x4 Dave/Generated/src/UART001/UART001_Conf.o
                0x20000a90                UART001_HandleArray
 .data          0x20000a94        0x0 Dave/Generated/src/SYSTM001/SYSTM001.o
 .data          0x20000a94        0x0 Dave/Generated/src/IO004/IO004.o
 .data          0x20000a94        0x0 Dave/Generated/src/IO004/IO004_Conf.o
 .data          0x20000a94        0x0 Dave/Generated/src/DAVESupport/DAVE3.o
 .data          0x20000a94        0x0 Dave/Generated/src/DAVESupport/MULTIPLEXER.o
 .data          0x20000a94        0x0 Dave/Generated/src/CLK002/CLK002.o
 .data          0x20000a94        0x0 c:/dave-3.1.10/arm-gcc/bin/../lib/gcc/arm-none-eabi/4.7.4/armv6-m\libgcc.a(_udivsi3.o)
 .data          0x20000a94        0x0 c:/dave-3.1.10/arm-gcc/bin/../lib/gcc/arm-none-eabi/4.7.4/armv6-m\libgcc.a(_dvmd_tls.o)
 .data          0x20000a94        0x0 c:/dave-3.1.10/arm-gcc/bin/../lib/gcc/arm-none-eabi/4.7.4/armv6-m\libgcc.a(_arm_cmpsf2.o)
 .data          0x20000a94        0x0 c:/dave-3.1.10/arm-gcc/bin/../lib/gcc/arm-none-eabi/4.7.4/armv6-m\libgcc.a(_fixunsdfsi.o)
 .data          0x20000a94        0x0 c:/dave-3.1.10/arm-gcc/bin/../lib/gcc/arm-none-eabi/4.7.4/armv6-m\libgcc.a(divsf3.o)
 .data          0x20000a94        0x0 c:/dave-3.1.10/arm-gcc/bin/../lib/gcc/arm-none-eabi/4.7.4/armv6-m\libgcc.a(eqsf2.o)
 .data          0x20000a94        0x0 c:/dave-3.1.10/arm-gcc/bin/../lib/gcc/arm-none-eabi/4.7.4/armv6-m\libgcc.a(gesf2.o)
 .data          0x20000a94        0x0 c:/dave-3.1.10/arm-gcc/bin/../lib/gcc/arm-none-eabi/4.7.4/armv6-m\libgcc.a(lesf2.o)
 .data          0x20000a94        0x0 c:/dave-3.1.10/arm-gcc/bin/../lib/gcc/arm-none-eabi/4.7.4/armv6-m\libgcc.a(subsf3.o)
 .data          0x20000a94        0x0 c:/dave-3.1.10/arm-gcc/bin/../lib/gcc/arm-none-eabi/4.7.4/armv6-m\libgcc.a(floatunsisf.o)
 .data          0x20000a94        0x0 c:/dave-3.1.10/arm-gcc/bin/../lib/gcc/arm-none-eabi/4.7.4/armv6-m\libgcc.a(muldf3.o)
 .data          0x20000a94        0x0 c:/dave-3.1.10/arm-gcc/bin/../lib/gcc/arm-none-eabi/4.7.4/armv6-m\libgcc.a(subdf3.o)
 .data          0x20000a94        0x0 c:/dave-3.1.10/arm-gcc/bin/../lib/gcc/arm-none-eabi/4.7.4/armv6-m\libgcc.a(fixdfsi.o)
 .data          0x20000a94        0x0 c:/dave-3.1.10/arm-gcc/bin/../lib/gcc/arm-none-eabi/4.7.4/armv6-m\libgcc.a(floatunsidf.o)
 .data          0x20000a94        0x0 c:/dave-3.1.10/arm-gcc/bin/../lib/gcc/arm-none-eabi/4.7.4/armv6-m\libgcc.a(_arm_cmpdf2.o)
 .data          0x20000a94        0x0 c:/dave-3.1.10/arm-gcc/bin/../lib/gcc/arm-none-eabi/4.7.4/armv6-m\libgcc.a(_clzsi2.o)
 .data          0x20000a94        0x0 c:/dave-3.1.10/arm-gcc/bin/../lib/gcc/arm-none-eabi/4.7.4/armv6-m\libgcc.a(eqdf2.o)
 .data          0x20000a94        0x0 c:/dave-3.1.10/arm-gcc/bin/../lib/gcc/arm-none-eabi/4.7.4/armv6-m\libgcc.a(gedf2.o)
 .data          0x20000a94        0x0 c:/dave-3.1.10/arm-gcc/bin/../lib/gcc/arm-none-eabi/4.7.4/armv6-m\libgcc.a(ledf2.o)
 *(.data*)
 *(*.data)
 *(.gnu.linkonce.d*)
                0x20000a94                __Xmc1100_eData = ALIGN (0x4)
                0x00000004                __Xmc1100_Data_Size = (__Xmc1100_eData - __Xmc1100_sData)

.igot.plt       0x20000a94        0x0 load address 0x10004f44
 .igot.plt      0x00000000        0x0 Main.o

.ram_code       0x20000a94        0x0 load address 0x10004f44
                0x20000a94                __ram_code_start = .
 *(.ram_code)
                0x20000a94                __ram_code_end = .
                0x10004f44                __ram_code_load = LOADADDR (.ram_code)
                0x00000000                __ram_code_size = (__ram_code_end - __ram_code_start)
                0x20000a98                __Xmc1100_heap_start = ALIGN (0x8)
                0x20004000                __Xmc1100_heap_end = (ORIGIN (SRAM) + 0x4000)
                0x20000a98                Heap_Bank1_Start = __Xmc1100_heap_start
                0x00003568                Heap_Bank1_Size = (__Xmc1100_heap_end - __Xmc1100_heap_start)

/DISCARD/
 *(.comment)

.stab
 *(.stab)

.stabstr
 *(.stabstr)

.debug
 *(.debug)

.line
 *(.line)

.debug_srcinfo
 *(.debug_srcinfo)

.debug_sfnames
 *(.debug_sfnames)

.debug_aranges  0x00000000      0x378
 *(.debug_aranges)
 .debug_aranges
                0x00000000       0x40 Main.o
 .debug_aranges
                0x00000040       0x28 colorManagement.o
 .debug_aranges
                0x00000068       0x20 light_ws2812_cortex.o
 .debug_aranges
                0x00000088       0x40 Startup/startup_XMC1100.o
 .debug_aranges
                0x000000c8       0x28 Startup/system_XMC1100.o
 .debug_aranges
                0x000000f0       0xa0 Lib/System_LibcStubs.o
 .debug_aranges
                0x00000190       0x80 Dave/Generated/src/UART001/UART001.o
 .debug_aranges
                0x00000210       0x18 Dave/Generated/src/UART001/UART001_Conf.o
 .debug_aranges
                0x00000228       0x80 Dave/Generated/src/SYSTM001/SYSTM001.o
 .debug_aranges
                0x000002a8       0x30 Dave/Generated/src/IO004/IO004.o
 .debug_aranges
                0x000002d8       0x18 Dave/Generated/src/IO004/IO004_Conf.o
 .debug_aranges
                0x000002f0       0x20 Dave/Generated/src/DAVESupport/DAVE3.o
 .debug_aranges
                0x00000310       0x28 Dave/Generated/src/DAVESupport/MULTIPLEXER.o
 .debug_aranges
                0x00000338       0x40 Dave/Generated/src/CLK002/CLK002.o

.debug_pubnames
 *(.debug_pubnames)

.debug_pubtypes
 *(.debug_pubtypes)

.debug_info     0x00000000     0x3ff6
 *(.debug_info .gnu.linkonce.wi.*)
 .debug_info    0x00000000      0x3de Main.o
 .debug_info    0x000003de      0x238 colorManagement.o
 .debug_info    0x00000616      0x12b light_ws2812_cortex.o
 .debug_info    0x00000741       0x72 Startup/startup_XMC1100.o
 .debug_info    0x000007b3      0x15f Startup/system_XMC1100.o
 .debug_info    0x00000912      0x65f Lib/System_LibcStubs.o
 .debug_info    0x00000f71     0x1032 Dave/Generated/src/UART001/UART001.o
 .debug_info    0x00001fa3      0x7e7 Dave/Generated/src/UART001/UART001_Conf.o
 .debug_info    0x0000278a      0x806 Dave/Generated/src/SYSTM001/SYSTM001.o
 .debug_info    0x00002f90      0x387 Dave/Generated/src/IO004/IO004.o
 .debug_info    0x00003317      0x273 Dave/Generated/src/IO004/IO004_Conf.o
 .debug_info    0x0000358a       0x91 Dave/Generated/src/DAVESupport/DAVE3.o
 .debug_info    0x0000361b      0x6a5 Dave/Generated/src/DAVESupport/MULTIPLEXER.o
 .debug_info    0x00003cc0      0x336 Dave/Generated/src/CLK002/CLK002.o

.debug_abbrev   0x00000000      0xed9
 *(.debug_abbrev)
 .debug_abbrev  0x00000000      0x1c6 Main.o
 .debug_abbrev  0x000001c6       0xef colorManagement.o
 .debug_abbrev  0x000002b5       0x93 light_ws2812_cortex.o
 .debug_abbrev  0x00000348       0x12 Startup/startup_XMC1100.o
 .debug_abbrev  0x0000035a       0xc5 Startup/system_XMC1100.o
 .debug_abbrev  0x0000041f      0x149 Lib/System_LibcStubs.o
 .debug_abbrev  0x00000568      0x1f2 Dave/Generated/src/UART001/UART001.o
 .debug_abbrev  0x0000075a      0x11b Dave/Generated/src/UART001/UART001_Conf.o
 .debug_abbrev  0x00000875      0x21f Dave/Generated/src/SYSTM001/SYSTM001.o
 .debug_abbrev  0x00000a94      0x118 Dave/Generated/src/IO004/IO004.o
 .debug_abbrev  0x00000bac       0xaa Dave/Generated/src/IO004/IO004_Conf.o
 .debug_abbrev  0x00000c56       0x47 Dave/Generated/src/DAVESupport/DAVE3.o
 .debug_abbrev  0x00000c9d      0x112 Dave/Generated/src/DAVESupport/MULTIPLEXER.o
 .debug_abbrev  0x00000daf      0x12a Dave/Generated/src/CLK002/CLK002.o

.debug_line     0x00000000     0x4d08
 *(.debug_line)
 .debug_line    0x00000000      0x749 Main.o
 .debug_line    0x00000749      0x351 colorManagement.o
 .debug_line    0x00000a9a      0x306 light_ws2812_cortex.o
 .debug_line    0x00000da0      0x13d Startup/startup_XMC1100.o
 .debug_line    0x00000edd      0x2f6 Startup/system_XMC1100.o
 .debug_line    0x000011d3      0x3c1 Lib/System_LibcStubs.o
 .debug_line    0x00001594      0x969 Dave/Generated/src/UART001/UART001.o
 .debug_line    0x00001efd      0x3e2 Dave/Generated/src/UART001/UART001_Conf.o
 .debug_line    0x000022df      0x84e Dave/Generated/src/SYSTM001/SYSTM001.o
 .debug_line    0x00002b2d      0x711 Dave/Generated/src/IO004/IO004.o
 .debug_line    0x0000323e      0x685 Dave/Generated/src/IO004/IO004_Conf.o
 .debug_line    0x000038c3      0x674 Dave/Generated/src/DAVESupport/DAVE3.o
 .debug_line    0x00003f37      0x699 Dave/Generated/src/DAVESupport/MULTIPLEXER.o
 .debug_line    0x000045d0      0x738 Dave/Generated/src/CLK002/CLK002.o

.debug_frame    0x00000000      0xb84
 *(.debug_frame)
 .debug_frame   0x00000000       0xac Main.o
 .debug_frame   0x000000ac       0x50 colorManagement.o
 .debug_frame   0x000000fc       0x38 light_ws2812_cortex.o
 .debug_frame   0x00000134       0x4c Startup/system_XMC1100.o
 .debug_frame   0x00000180      0x220 Lib/System_LibcStubs.o
 .debug_frame   0x000003a0      0x1bc Dave/Generated/src/UART001/UART001.o
 .debug_frame   0x0000055c      0x1b8 Dave/Generated/src/SYSTM001/SYSTM001.o
 .debug_frame   0x00000714       0x74 Dave/Generated/src/IO004/IO004.o
 .debug_frame   0x00000788       0x2c Dave/Generated/src/DAVESupport/DAVE3.o
 .debug_frame   0x000007b4       0x4c Dave/Generated/src/DAVESupport/MULTIPLEXER.o
 .debug_frame   0x00000800       0xa8 Dave/Generated/src/CLK002/CLK002.o
 .debug_frame   0x000008a8       0x20 c:/dave-3.1.10/arm-gcc/bin/../lib/gcc/arm-none-eabi/4.7.4/armv6-m\libgcc.a(_udivsi3.o)
 .debug_frame   0x000008c8       0x2c c:/dave-3.1.10/arm-gcc/bin/../lib/gcc/arm-none-eabi/4.7.4/armv6-m\libgcc.a(_fixunsdfsi.o)
 .debug_frame   0x000008f4       0x3c c:/dave-3.1.10/arm-gcc/bin/../lib/gcc/arm-none-eabi/4.7.4/armv6-m\libgcc.a(divsf3.o)
 .debug_frame   0x00000930       0x2c c:/dave-3.1.10/arm-gcc/bin/../lib/gcc/arm-none-eabi/4.7.4/armv6-m\libgcc.a(eqsf2.o)
 .debug_frame   0x0000095c       0x30 c:/dave-3.1.10/arm-gcc/bin/../lib/gcc/arm-none-eabi/4.7.4/armv6-m\libgcc.a(gesf2.o)
 .debug_frame   0x0000098c       0x30 c:/dave-3.1.10/arm-gcc/bin/../lib/gcc/arm-none-eabi/4.7.4/armv6-m\libgcc.a(lesf2.o)
 .debug_frame   0x000009bc       0x30 c:/dave-3.1.10/arm-gcc/bin/../lib/gcc/arm-none-eabi/4.7.4/armv6-m\libgcc.a(subsf3.o)
 .debug_frame   0x000009ec       0x28 c:/dave-3.1.10/arm-gcc/bin/../lib/gcc/arm-none-eabi/4.7.4/armv6-m\libgcc.a(floatunsisf.o)
 .debug_frame   0x00000a14       0x3c c:/dave-3.1.10/arm-gcc/bin/../lib/gcc/arm-none-eabi/4.7.4/armv6-m\libgcc.a(muldf3.o)
 .debug_frame   0x00000a50       0x38 c:/dave-3.1.10/arm-gcc/bin/../lib/gcc/arm-none-eabi/4.7.4/armv6-m\libgcc.a(subdf3.o)
 .debug_frame   0x00000a88       0x2c c:/dave-3.1.10/arm-gcc/bin/../lib/gcc/arm-none-eabi/4.7.4/armv6-m\libgcc.a(fixdfsi.o)
 .debug_frame   0x00000ab4       0x2c c:/dave-3.1.10/arm-gcc/bin/../lib/gcc/arm-none-eabi/4.7.4/armv6-m\libgcc.a(floatunsidf.o)
 .debug_frame   0x00000ae0       0x34 c:/dave-3.1.10/arm-gcc/bin/../lib/gcc/arm-none-eabi/4.7.4/armv6-m\libgcc.a(eqdf2.o)
 .debug_frame   0x00000b14       0x38 c:/dave-3.1.10/arm-gcc/bin/../lib/gcc/arm-none-eabi/4.7.4/armv6-m\libgcc.a(gedf2.o)
 .debug_frame   0x00000b4c       0x38 c:/dave-3.1.10/arm-gcc/bin/../lib/gcc/arm-none-eabi/4.7.4/armv6-m\libgcc.a(ledf2.o)

.debug_str      0x00000000    0x26a6c
 *(.debug_str)
 .debug_str     0x00000000    0x223e1 Main.o
                              0x225ad (size before relaxing)
 .debug_str     0x000223e1       0x77 colorManagement.o
                              0x20886 (size before relaxing)
 .debug_str     0x00022458      0x1cd light_ws2812_cortex.o
                              0x20972 (size before relaxing)
 .debug_str     0x00022625       0xba Startup/system_XMC1100.o
                              0x207ac (size before relaxing)
 .debug_str     0x000226df     0x2e23 Lib/System_LibcStubs.o
                               0x57da (size before relaxing)
 .debug_str     0x00025502      0x9fb Dave/Generated/src/UART001/UART001.o
                              0x22c27 (size before relaxing)
 .debug_str     0x00025efd       0x3d Dave/Generated/src/UART001/UART001_Conf.o
                              0x2171f (size before relaxing)
 .debug_str     0x00025f3a      0x772 Dave/Generated/src/SYSTM001/SYSTM001.o
                              0x229d8 (size before relaxing)
 .debug_str     0x000266ac      0x1a7 Dave/Generated/src/IO004/IO004.o
                              0x2237f (size before relaxing)
 .debug_str     0x00026853       0x29 Dave/Generated/src/IO004/IO004_Conf.o
                              0x22246 (size before relaxing)
 .debug_str     0x0002687c       0x34 Dave/Generated/src/DAVESupport/DAVE3.o
                              0x22186 (size before relaxing)
 .debug_str     0x000268b0       0x71 Dave/Generated/src/DAVESupport/MULTIPLEXER.o
                              0x2233d (size before relaxing)
 .debug_str     0x00026921      0x14b Dave/Generated/src/CLK002/CLK002.o
                              0x22364 (size before relaxing)

.debug_loc      0x00000000      0xd74
 *(.debug_loc)
 .debug_loc     0x00000000      0x10e Main.o
 .debug_loc     0x0000010e       0x70 colorManagement.o
 .debug_loc     0x0000017e       0x38 light_ws2812_cortex.o
 .debug_loc     0x000001b6       0x64 Startup/system_XMC1100.o
 .debug_loc     0x0000021a      0x388 Lib/System_LibcStubs.o
 .debug_loc     0x000005a2      0x2da Dave/Generated/src/UART001/UART001.o
 .debug_loc     0x0000087c      0x2cc Dave/Generated/src/SYSTM001/SYSTM001.o
 .debug_loc     0x00000b48       0x9c Dave/Generated/src/IO004/IO004.o
 .debug_loc     0x00000be4       0x2c Dave/Generated/src/DAVESupport/DAVE3.o
 .debug_loc     0x00000c10       0x64 Dave/Generated/src/DAVESupport/MULTIPLEXER.o
 .debug_loc     0x00000c74      0x100 Dave/Generated/src/CLK002/CLK002.o

.debug_macinfo
 *(.debug_macinfo)

.debug_ranges   0x00000000      0x290
 *(.debug_ranges)
 .debug_ranges  0x00000000       0x30 Main.o
 .debug_ranges  0x00000030       0x18 colorManagement.o
 .debug_ranges  0x00000048       0x10 light_ws2812_cortex.o
 .debug_ranges  0x00000058       0x38 Startup/startup_XMC1100.o
 .debug_ranges  0x00000090       0x18 Startup/system_XMC1100.o
 .debug_ranges  0x000000a8       0x90 Lib/System_LibcStubs.o
 .debug_ranges  0x00000138       0x70 Dave/Generated/src/UART001/UART001.o
 .debug_ranges  0x000001a8       0x70 Dave/Generated/src/SYSTM001/SYSTM001.o
 .debug_ranges  0x00000218       0x20 Dave/Generated/src/IO004/IO004.o
 .debug_ranges  0x00000238       0x10 Dave/Generated/src/DAVESupport/DAVE3.o
 .debug_ranges  0x00000248       0x18 Dave/Generated/src/DAVESupport/MULTIPLEXER.o
 .debug_ranges  0x00000260       0x30 Dave/Generated/src/CLK002/CLK002.o

.debug_weaknames
 *(.debug_weaknames)

.debug_funcnames
 *(.debug_funcnames)

.debug_typenames
 *(.debug_typenames)

.debug_varnames
 *(.debug_varnames)

.build_attributes
                0x00000000      0x59c
 *(.ARM.attributes)
 .ARM.attributes
                0x00000000       0x31 Main.o
 .ARM.attributes
                0x00000031       0x31 colorManagement.o
 .ARM.attributes
                0x00000062       0x31 light_ws2812_cortex.o
 .ARM.attributes
                0x00000093       0x21 Startup/startup_XMC1100.o
 .ARM.attributes
                0x000000b4       0x31 Startup/system_XMC1100.o
 .ARM.attributes
                0x000000e5       0x31 Lib/System_LibcStubs.o
 .ARM.attributes
                0x00000116       0x31 Dave/Generated/src/UART001/UART001.o
 .ARM.attributes
                0x00000147       0x31 Dave/Generated/src/UART001/UART001_Conf.o
 .ARM.attributes
                0x00000178       0x31 Dave/Generated/src/SYSTM001/SYSTM001.o
 .ARM.attributes
                0x000001a9       0x31 Dave/Generated/src/IO004/IO004.o
 .ARM.attributes
                0x000001da       0x31 Dave/Generated/src/IO004/IO004_Conf.o
 .ARM.attributes
                0x0000020b       0x31 Dave/Generated/src/DAVESupport/DAVE3.o
 .ARM.attributes
                0x0000023c       0x31 Dave/Generated/src/DAVESupport/MULTIPLEXER.o
 .ARM.attributes
                0x0000026d       0x31 Dave/Generated/src/CLK002/CLK002.o
 .ARM.attributes
                0x0000029e       0x1e c:/dave-3.1.10/arm-gcc/bin/../lib/gcc/arm-none-eabi/4.7.4/armv6-m\libgcc.a(_udivsi3.o)
 .ARM.attributes
                0x000002bc       0x1e c:/dave-3.1.10/arm-gcc/bin/../lib/gcc/arm-none-eabi/4.7.4/armv6-m\libgcc.a(_dvmd_tls.o)
 .ARM.attributes
                0x000002da       0x1e c:/dave-3.1.10/arm-gcc/bin/../lib/gcc/arm-none-eabi/4.7.4/armv6-m\libgcc.a(_arm_cmpsf2.o)
 .ARM.attributes
                0x000002f8       0x2c c:/dave-3.1.10/arm-gcc/bin/../lib/gcc/arm-none-eabi/4.7.4/armv6-m\libgcc.a(_fixunsdfsi.o)
 .ARM.attributes
                0x00000324       0x2c c:/dave-3.1.10/arm-gcc/bin/../lib/gcc/arm-none-eabi/4.7.4/armv6-m\libgcc.a(divsf3.o)
 .ARM.attributes
                0x00000350       0x2c c:/dave-3.1.10/arm-gcc/bin/../lib/gcc/arm-none-eabi/4.7.4/armv6-m\libgcc.a(eqsf2.o)
 .ARM.attributes
                0x0000037c       0x2c c:/dave-3.1.10/arm-gcc/bin/../lib/gcc/arm-none-eabi/4.7.4/armv6-m\libgcc.a(gesf2.o)
 .ARM.attributes
                0x000003a8       0x2c c:/dave-3.1.10/arm-gcc/bin/../lib/gcc/arm-none-eabi/4.7.4/armv6-m\libgcc.a(lesf2.o)
 .ARM.attributes
                0x000003d4       0x2c c:/dave-3.1.10/arm-gcc/bin/../lib/gcc/arm-none-eabi/4.7.4/armv6-m\libgcc.a(subsf3.o)
 .ARM.attributes
                0x00000400       0x2c c:/dave-3.1.10/arm-gcc/bin/../lib/gcc/arm-none-eabi/4.7.4/armv6-m\libgcc.a(floatunsisf.o)
 .ARM.attributes
                0x0000042c       0x2c c:/dave-3.1.10/arm-gcc/bin/../lib/gcc/arm-none-eabi/4.7.4/armv6-m\libgcc.a(muldf3.o)
 .ARM.attributes
                0x00000458       0x2c c:/dave-3.1.10/arm-gcc/bin/../lib/gcc/arm-none-eabi/4.7.4/armv6-m\libgcc.a(subdf3.o)
 .ARM.attributes
                0x00000484       0x2c c:/dave-3.1.10/arm-gcc/bin/../lib/gcc/arm-none-eabi/4.7.4/armv6-m\libgcc.a(fixdfsi.o)
 .ARM.attributes
                0x000004b0       0x2c c:/dave-3.1.10/arm-gcc/bin/../lib/gcc/arm-none-eabi/4.7.4/armv6-m\libgcc.a(floatunsidf.o)
 .ARM.attributes
                0x000004dc       0x1e c:/dave-3.1.10/arm-gcc/bin/../lib/gcc/arm-none-eabi/4.7.4/armv6-m\libgcc.a(_arm_cmpdf2.o)
 .ARM.attributes
                0x000004fa       0x1e c:/dave-3.1.10/arm-gcc/bin/../lib/gcc/arm-none-eabi/4.7.4/armv6-m\libgcc.a(_clzsi2.o)
 .ARM.attributes
                0x00000518       0x2c c:/dave-3.1.10/arm-gcc/bin/../lib/gcc/arm-none-eabi/4.7.4/armv6-m\libgcc.a(eqdf2.o)
 .ARM.attributes
                0x00000544       0x2c c:/dave-3.1.10/arm-gcc/bin/../lib/gcc/arm-none-eabi/4.7.4/armv6-m\libgcc.a(gedf2.o)
 .ARM.attributes
                0x00000570       0x2c c:/dave-3.1.10/arm-gcc/bin/../lib/gcc/arm-none-eabi/4.7.4/armv6-m\libgcc.a(ledf2.o)
OUTPUT(LongboardLight.elf elf32-littlearm)

.debug_macro    0x00000000     0x7e78
 .debug_macro   0x00000000      0x167 Main.o
 .debug_macro   0x00000167      0x7f0 Main.o
 .debug_macro   0x00000957       0x22 Main.o
 .debug_macro   0x00000979       0x3a Main.o
 .debug_macro   0x000009b3       0x3a Main.o
 .debug_macro   0x000009ed       0x10 Main.o
 .debug_macro   0x000009fd       0x2e Main.o
 .debug_macro   0x00000a2b       0xa3 Main.o
 .debug_macro   0x00000ace      0x20e Main.o
 .debug_macro   0x00000cdc       0x1f Main.o
 .debug_macro   0x00000cfb      0x242 Main.o
 .debug_macro   0x00000f3d       0x36 Main.o
 .debug_macro   0x00000f73     0x4d2c Main.o
 .debug_macro   0x00005c9f      0x16c Main.o
 .debug_macro   0x00005e0b       0x22 Main.o
 .debug_macro   0x00005e2d      0x311 Main.o
 .debug_macro   0x0000613e      0x130 Main.o
 .debug_macro   0x0000626e       0xb0 Main.o
 .debug_macro   0x0000631e       0x34 Main.o
 .debug_macro   0x00006352       0x11 Main.o
 .debug_macro   0x00006363       0x2d Main.o
 .debug_macro   0x00006390       0x28 Main.o
 .debug_macro   0x000063b8       0x16 Main.o
 .debug_macro   0x000063ce       0xac Main.o
 .debug_macro   0x0000647a       0x28 Main.o
 .debug_macro   0x000064a2       0xbf colorManagement.o
 .debug_macro   0x00006561       0x22 colorManagement.o
 .debug_macro   0x00006583       0xf8 light_ws2812_cortex.o
 .debug_macro   0x0000667b       0xb7 Startup/system_XMC1100.o
 .debug_macro   0x00006732      0x119 Lib/System_LibcStubs.o
 .debug_macro   0x0000684b       0x3a Lib/System_LibcStubs.o
 .debug_macro   0x00006885       0x52 Lib/System_LibcStubs.o
 .debug_macro   0x000068d7       0x19 Lib/System_LibcStubs.o
 .debug_macro   0x000068f0      0x16d Lib/System_LibcStubs.o
 .debug_macro   0x00006a5d       0x10 Lib/System_LibcStubs.o
 .debug_macro   0x00006a6d       0x16 Lib/System_LibcStubs.o
 .debug_macro   0x00006a83       0x89 Lib/System_LibcStubs.o
 .debug_macro   0x00006b0c       0x10 Lib/System_LibcStubs.o
 .debug_macro   0x00006b1c       0xf5 Lib/System_LibcStubs.o
 .debug_macro   0x00006c11       0x22 Lib/System_LibcStubs.o
 .debug_macro   0x00006c33       0x91 Lib/System_LibcStubs.o
 .debug_macro   0x00006cc4       0x34 Lib/System_LibcStubs.o
 .debug_macro   0x00006cf8      0x120 Lib/System_LibcStubs.o
 .debug_macro   0x00006e18       0x16 Lib/System_LibcStubs.o
 .debug_macro   0x00006e2e       0x35 Lib/System_LibcStubs.o
 .debug_macro   0x00006e63      0x495 Lib/System_LibcStubs.o
 .debug_macro   0x000072f8      0x1bd Dave/Generated/src/UART001/UART001.o
 .debug_macro   0x000074b5       0x27 Dave/Generated/src/UART001/UART001.o
 .debug_macro   0x000074dc       0xfa Dave/Generated/src/UART001/UART001_Conf.o
 .debug_macro   0x000075d6      0x208 Dave/Generated/src/SYSTM001/SYSTM001.o
 .debug_macro   0x000077de      0x14c Dave/Generated/src/IO004/IO004.o
 .debug_macro   0x0000792a      0x14c Dave/Generated/src/IO004/IO004_Conf.o
 .debug_macro   0x00007a76      0x14c Dave/Generated/src/DAVESupport/DAVE3.o
 .debug_macro   0x00007bc2      0x14c Dave/Generated/src/DAVESupport/MULTIPLEXER.o
 .debug_macro   0x00007d0e      0x16a Dave/Generated/src/CLK002/CLK002.o
