Archive member included because of file (symbol)

c:/dave-3.1.10/arm-gcc/bin/../lib/gcc/arm-none-eabi/4.7.4/armv6-m\libgcc.a(_udivsi3.o)
                              Startup/system_XMC1100.o (__aeabi_uidiv)
c:/dave-3.1.10/arm-gcc/bin/../lib/gcc/arm-none-eabi/4.7.4/armv6-m\libgcc.a(_dvmd_tls.o)
                              c:/dave-3.1.10/arm-gcc/bin/../lib/gcc/arm-none-eabi/4.7.4/armv6-m\libgcc.a(_udivsi3.o) (__aeabi_idiv0)
c:/dave-3.1.10/arm-gcc/bin/../lib/gcc/arm-none-eabi/4.7.4/armv6-m\libgcc.a(_fixunsdfsi.o)
                              Dave/Generated/src/SYSTM001/SYSTM001.o (__aeabi_d2uiz)
c:/dave-3.1.10/arm-gcc/bin/../lib/gcc/arm-none-eabi/4.7.4/armv6-m\libgcc.a(muldf3.o)
                              Dave/Generated/src/SYSTM001/SYSTM001.o (__aeabi_dmul)
c:/dave-3.1.10/arm-gcc/bin/../lib/gcc/arm-none-eabi/4.7.4/armv6-m\libgcc.a(subdf3.o)
                              c:/dave-3.1.10/arm-gcc/bin/../lib/gcc/arm-none-eabi/4.7.4/armv6-m\libgcc.a(_fixunsdfsi.o) (__aeabi_dsub)
c:/dave-3.1.10/arm-gcc/bin/../lib/gcc/arm-none-eabi/4.7.4/armv6-m\libgcc.a(fixdfsi.o)
                              c:/dave-3.1.10/arm-gcc/bin/../lib/gcc/arm-none-eabi/4.7.4/armv6-m\libgcc.a(_fixunsdfsi.o) (__aeabi_d2iz)
c:/dave-3.1.10/arm-gcc/bin/../lib/gcc/arm-none-eabi/4.7.4/armv6-m\libgcc.a(floatunsidf.o)
                              Dave/Generated/src/SYSTM001/SYSTM001.o (__aeabi_ui2d)
c:/dave-3.1.10/arm-gcc/bin/../lib/gcc/arm-none-eabi/4.7.4/armv6-m\libgcc.a(_arm_cmpdf2.o)
                              c:/dave-3.1.10/arm-gcc/bin/../lib/gcc/arm-none-eabi/4.7.4/armv6-m\libgcc.a(_fixunsdfsi.o) (__aeabi_dcmpge)
c:/dave-3.1.10/arm-gcc/bin/../lib/gcc/arm-none-eabi/4.7.4/armv6-m\libgcc.a(_clzsi2.o)
                              c:/dave-3.1.10/arm-gcc/bin/../lib/gcc/arm-none-eabi/4.7.4/armv6-m\libgcc.a(muldf3.o) (__clzsi2)
c:/dave-3.1.10/arm-gcc/bin/../lib/gcc/arm-none-eabi/4.7.4/armv6-m\libgcc.a(eqdf2.o)
                              c:/dave-3.1.10/arm-gcc/bin/../lib/gcc/arm-none-eabi/4.7.4/armv6-m\libgcc.a(_arm_cmpdf2.o) (__eqdf2)
c:/dave-3.1.10/arm-gcc/bin/../lib/gcc/arm-none-eabi/4.7.4/armv6-m\libgcc.a(gedf2.o)
                              c:/dave-3.1.10/arm-gcc/bin/../lib/gcc/arm-none-eabi/4.7.4/armv6-m\libgcc.a(_arm_cmpdf2.o) (__gedf2)
c:/dave-3.1.10/arm-gcc/bin/../lib/gcc/arm-none-eabi/4.7.4/armv6-m\libgcc.a(ledf2.o)
                              c:/dave-3.1.10/arm-gcc/bin/../lib/gcc/arm-none-eabi/4.7.4/armv6-m\libgcc.a(_arm_cmpdf2.o) (__ledf2)

Allocating common symbols
Common symbol       size              file

TimerTbl            0x140             Dave/Generated/src/SYSTM001/SYSTM001.o
SystemCoreClock     0x4               Startup/system_XMC1100.o
animationTimer      0x4               main.o

Discarded input sections

 .group         0x00000000        0x8 colorManagement.o
 .group         0x00000000        0x8 colorManagement.o
 .group         0x00000000        0x8 colorManagement.o
 .group         0x00000000        0x8 colorManagement.o
 .group         0x00000000        0x8 colorManagement.o
 .group         0x00000000        0x8 colorManagement.o
 .group         0x00000000        0x8 colorManagement.o
 .group         0x00000000        0x8 colorManagement.o
 .group         0x00000000        0x8 colorManagement.o
 .group         0x00000000        0x8 colorManagement.o
 .group         0x00000000        0x8 colorManagement.o
 .group         0x00000000        0x8 colorManagement.o
 .group         0x00000000        0x8 colorManagement.o
 .group         0x00000000        0x8 colorManagement.o
 .comment       0x00000000       0x71 colorManagement.o
 .group         0x00000000        0x8 light_ws2812_cortex.o
 .group         0x00000000        0x8 light_ws2812_cortex.o
 .group         0x00000000        0x8 light_ws2812_cortex.o
 .group         0x00000000        0x8 light_ws2812_cortex.o
 .group         0x00000000        0x8 light_ws2812_cortex.o
 .group         0x00000000        0x8 light_ws2812_cortex.o
 .group         0x00000000        0x8 light_ws2812_cortex.o
 .group         0x00000000        0x8 light_ws2812_cortex.o
 .group         0x00000000        0x8 light_ws2812_cortex.o
 .group         0x00000000        0x8 light_ws2812_cortex.o
 .group         0x00000000        0x8 light_ws2812_cortex.o
 .group         0x00000000        0x8 light_ws2812_cortex.o
 .group         0x00000000        0x8 light_ws2812_cortex.o
 .debug_macro   0x00000000      0x7f0 light_ws2812_cortex.o
 .debug_macro   0x00000000       0x3a light_ws2812_cortex.o
 .debug_macro   0x00000000       0x10 light_ws2812_cortex.o
 .debug_macro   0x00000000       0x2e light_ws2812_cortex.o
 .debug_macro   0x00000000       0xa3 light_ws2812_cortex.o
 .debug_macro   0x00000000      0x20e light_ws2812_cortex.o
 .debug_macro   0x00000000       0x22 light_ws2812_cortex.o
 .debug_macro   0x00000000       0x3a light_ws2812_cortex.o
 .debug_macro   0x00000000       0x1f light_ws2812_cortex.o
 .debug_macro   0x00000000      0x242 light_ws2812_cortex.o
 .debug_macro   0x00000000       0x36 light_ws2812_cortex.o
 .debug_macro   0x00000000     0x4d2c light_ws2812_cortex.o
 .debug_macro   0x00000000       0x22 light_ws2812_cortex.o
 .comment       0x00000000       0x71 light_ws2812_cortex.o
 .group         0x00000000        0x8 main.o
 .group         0x00000000        0x8 main.o
 .group         0x00000000        0x8 main.o
 .group         0x00000000        0x8 main.o
 .group         0x00000000        0x8 main.o
 .group         0x00000000        0x8 main.o
 .group         0x00000000        0x8 main.o
 .group         0x00000000        0x8 main.o
 .group         0x00000000        0x8 main.o
 .group         0x00000000        0x8 main.o
 .group         0x00000000        0x8 main.o
 .group         0x00000000        0x8 main.o
 .group         0x00000000        0x8 main.o
 .group         0x00000000        0x8 main.o
 .group         0x00000000        0x8 main.o
 .group         0x00000000        0x8 main.o
 .group         0x00000000        0x8 main.o
 .group         0x00000000        0x8 main.o
 .group         0x00000000        0x8 main.o
 .debug_macro   0x00000000      0x7f0 main.o
 .debug_macro   0x00000000       0x22 main.o
 .debug_macro   0x00000000       0x3a main.o
 .debug_macro   0x00000000       0x3a main.o
 .debug_macro   0x00000000       0x10 main.o
 .debug_macro   0x00000000       0x2e main.o
 .debug_macro   0x00000000       0xa3 main.o
 .debug_macro   0x00000000      0x20e main.o
 .debug_macro   0x00000000       0x1f main.o
 .debug_macro   0x00000000      0x242 main.o
 .debug_macro   0x00000000       0x36 main.o
 .debug_macro   0x00000000     0x4d2c main.o
 .debug_macro   0x00000000       0x16 main.o
 .comment       0x00000000       0x71 main.o
 .group         0x00000000        0x8 Startup/system_XMC1100.o
 .group         0x00000000        0x8 Startup/system_XMC1100.o
 .group         0x00000000        0x8 Startup/system_XMC1100.o
 .group         0x00000000        0x8 Startup/system_XMC1100.o
 .group         0x00000000        0x8 Startup/system_XMC1100.o
 .group         0x00000000        0x8 Startup/system_XMC1100.o
 .group         0x00000000        0x8 Startup/system_XMC1100.o
 .group         0x00000000        0x8 Startup/system_XMC1100.o
 .group         0x00000000        0x8 Startup/system_XMC1100.o
 .group         0x00000000        0x8 Startup/system_XMC1100.o
 .group         0x00000000        0x8 Startup/system_XMC1100.o
 .group         0x00000000        0x8 Startup/system_XMC1100.o
 .debug_macro   0x00000000      0x7f0 Startup/system_XMC1100.o
 .debug_macro   0x00000000       0x3a Startup/system_XMC1100.o
 .debug_macro   0x00000000       0x10 Startup/system_XMC1100.o
 .debug_macro   0x00000000       0x2e Startup/system_XMC1100.o
 .debug_macro   0x00000000       0xa3 Startup/system_XMC1100.o
 .debug_macro   0x00000000      0x20e Startup/system_XMC1100.o
 .debug_macro   0x00000000       0x36 Startup/system_XMC1100.o
 .debug_macro   0x00000000       0x22 Startup/system_XMC1100.o
 .debug_macro   0x00000000       0x3a Startup/system_XMC1100.o
 .debug_macro   0x00000000       0x1f Startup/system_XMC1100.o
 .debug_macro   0x00000000      0x242 Startup/system_XMC1100.o
 .debug_macro   0x00000000     0x4d2c Startup/system_XMC1100.o
 .comment       0x00000000       0x71 Startup/system_XMC1100.o
 .group         0x00000000        0x8 Lib/System_LibcStubs.o
 .group         0x00000000        0x8 Lib/System_LibcStubs.o
 .group         0x00000000        0x8 Lib/System_LibcStubs.o
 .group         0x00000000        0x8 Lib/System_LibcStubs.o
 .group         0x00000000        0x8 Lib/System_LibcStubs.o
 .group         0x00000000        0x8 Lib/System_LibcStubs.o
 .group         0x00000000        0x8 Lib/System_LibcStubs.o
 .group         0x00000000        0x8 Lib/System_LibcStubs.o
 .group         0x00000000        0x8 Lib/System_LibcStubs.o
 .group         0x00000000        0x8 Lib/System_LibcStubs.o
 .group         0x00000000        0x8 Lib/System_LibcStubs.o
 .group         0x00000000        0x8 Lib/System_LibcStubs.o
 .group         0x00000000        0x8 Lib/System_LibcStubs.o
 .group         0x00000000        0x8 Lib/System_LibcStubs.o
 .group         0x00000000        0x8 Lib/System_LibcStubs.o
 .group         0x00000000        0x8 Lib/System_LibcStubs.o
 .group         0x00000000        0x8 Lib/System_LibcStubs.o
 .group         0x00000000        0x8 Lib/System_LibcStubs.o
 .group         0x00000000        0x8 Lib/System_LibcStubs.o
 .group         0x00000000        0x8 Lib/System_LibcStubs.o
 .group         0x00000000        0x8 Lib/System_LibcStubs.o
 .debug_macro   0x00000000      0x7f0 Lib/System_LibcStubs.o
 .debug_macro   0x00000000       0x3a Lib/System_LibcStubs.o
 .debug_macro   0x00000000       0x10 Lib/System_LibcStubs.o
 .debug_macro   0x00000000       0x2e Lib/System_LibcStubs.o
 .debug_macro   0x00000000       0xa3 Lib/System_LibcStubs.o
 .comment       0x00000000       0x71 Lib/System_LibcStubs.o
 .group         0x00000000        0x8 Dave/Generated/src/SYSTM001/SYSTM001.o
 .group         0x00000000        0x8 Dave/Generated/src/SYSTM001/SYSTM001.o
 .group         0x00000000        0x8 Dave/Generated/src/SYSTM001/SYSTM001.o
 .group         0x00000000        0x8 Dave/Generated/src/SYSTM001/SYSTM001.o
 .group         0x00000000        0x8 Dave/Generated/src/SYSTM001/SYSTM001.o
 .group         0x00000000        0x8 Dave/Generated/src/SYSTM001/SYSTM001.o
 .group         0x00000000        0x8 Dave/Generated/src/SYSTM001/SYSTM001.o
 .group         0x00000000        0x8 Dave/Generated/src/SYSTM001/SYSTM001.o
 .group         0x00000000        0x8 Dave/Generated/src/SYSTM001/SYSTM001.o
 .group         0x00000000        0x8 Dave/Generated/src/SYSTM001/SYSTM001.o
 .group         0x00000000        0x8 Dave/Generated/src/SYSTM001/SYSTM001.o
 .group         0x00000000        0x8 Dave/Generated/src/SYSTM001/SYSTM001.o
 .group         0x00000000        0x8 Dave/Generated/src/SYSTM001/SYSTM001.o
 .group         0x00000000        0x8 Dave/Generated/src/SYSTM001/SYSTM001.o
 .group         0x00000000        0x8 Dave/Generated/src/SYSTM001/SYSTM001.o
 .group         0x00000000        0x8 Dave/Generated/src/SYSTM001/SYSTM001.o
 .debug_macro   0x00000000      0x7f0 Dave/Generated/src/SYSTM001/SYSTM001.o
 .debug_macro   0x00000000       0x22 Dave/Generated/src/SYSTM001/SYSTM001.o
 .debug_macro   0x00000000       0x3a Dave/Generated/src/SYSTM001/SYSTM001.o
 .debug_macro   0x00000000       0x3a Dave/Generated/src/SYSTM001/SYSTM001.o
 .debug_macro   0x00000000       0x10 Dave/Generated/src/SYSTM001/SYSTM001.o
 .debug_macro   0x00000000       0x2e Dave/Generated/src/SYSTM001/SYSTM001.o
 .debug_macro   0x00000000       0xa3 Dave/Generated/src/SYSTM001/SYSTM001.o
 .debug_macro   0x00000000      0x20e Dave/Generated/src/SYSTM001/SYSTM001.o
 .debug_macro   0x00000000       0x1f Dave/Generated/src/SYSTM001/SYSTM001.o
 .debug_macro   0x00000000      0x242 Dave/Generated/src/SYSTM001/SYSTM001.o
 .debug_macro   0x00000000       0x36 Dave/Generated/src/SYSTM001/SYSTM001.o
 .debug_macro   0x00000000     0x4d2c Dave/Generated/src/SYSTM001/SYSTM001.o
 .debug_macro   0x00000000      0x16c Dave/Generated/src/SYSTM001/SYSTM001.o
 .debug_macro   0x00000000       0x22 Dave/Generated/src/SYSTM001/SYSTM001.o
 .debug_macro   0x00000000      0x311 Dave/Generated/src/SYSTM001/SYSTM001.o
 .debug_macro   0x00000000       0x28 Dave/Generated/src/SYSTM001/SYSTM001.o
 .comment       0x00000000       0x71 Dave/Generated/src/SYSTM001/SYSTM001.o
 .group         0x00000000        0x8 Dave/Generated/src/DAVESupport/DAVE3.o
 .group         0x00000000        0x8 Dave/Generated/src/DAVESupport/DAVE3.o
 .group         0x00000000        0x8 Dave/Generated/src/DAVESupport/DAVE3.o
 .group         0x00000000        0x8 Dave/Generated/src/DAVESupport/DAVE3.o
 .group         0x00000000        0x8 Dave/Generated/src/DAVESupport/DAVE3.o
 .group         0x00000000        0x8 Dave/Generated/src/DAVESupport/DAVE3.o
 .group         0x00000000        0x8 Dave/Generated/src/DAVESupport/DAVE3.o
 .group         0x00000000        0x8 Dave/Generated/src/DAVESupport/DAVE3.o
 .group         0x00000000        0x8 Dave/Generated/src/DAVESupport/DAVE3.o
 .group         0x00000000        0x8 Dave/Generated/src/DAVESupport/DAVE3.o
 .group         0x00000000        0x8 Dave/Generated/src/DAVESupport/DAVE3.o
 .group         0x00000000        0x8 Dave/Generated/src/DAVESupport/DAVE3.o
 .group         0x00000000        0x8 Dave/Generated/src/DAVESupport/DAVE3.o
 .group         0x00000000        0x8 Dave/Generated/src/DAVESupport/DAVE3.o
 .group         0x00000000        0x8 Dave/Generated/src/DAVESupport/DAVE3.o
 .group         0x00000000        0x8 Dave/Generated/src/DAVESupport/DAVE3.o
 .debug_macro   0x00000000      0x7f0 Dave/Generated/src/DAVESupport/DAVE3.o
 .debug_macro   0x00000000       0x22 Dave/Generated/src/DAVESupport/DAVE3.o
 .debug_macro   0x00000000       0x3a Dave/Generated/src/DAVESupport/DAVE3.o
 .debug_macro   0x00000000       0x3a Dave/Generated/src/DAVESupport/DAVE3.o
 .debug_macro   0x00000000       0x10 Dave/Generated/src/DAVESupport/DAVE3.o
 .debug_macro   0x00000000       0x2e Dave/Generated/src/DAVESupport/DAVE3.o
 .debug_macro   0x00000000       0xa3 Dave/Generated/src/DAVESupport/DAVE3.o
 .debug_macro   0x00000000      0x20e Dave/Generated/src/DAVESupport/DAVE3.o
 .debug_macro   0x00000000       0x1f Dave/Generated/src/DAVESupport/DAVE3.o
 .debug_macro   0x00000000      0x242 Dave/Generated/src/DAVESupport/DAVE3.o
 .debug_macro   0x00000000       0x36 Dave/Generated/src/DAVESupport/DAVE3.o
 .debug_macro   0x00000000     0x4d2c Dave/Generated/src/DAVESupport/DAVE3.o
 .debug_macro   0x00000000      0x16c Dave/Generated/src/DAVESupport/DAVE3.o
 .debug_macro   0x00000000       0x22 Dave/Generated/src/DAVESupport/DAVE3.o
 .debug_macro   0x00000000      0x311 Dave/Generated/src/DAVESupport/DAVE3.o
 .debug_macro   0x00000000       0x28 Dave/Generated/src/DAVESupport/DAVE3.o
 .comment       0x00000000       0x71 Dave/Generated/src/DAVESupport/DAVE3.o
 .group         0x00000000        0x8 Dave/Generated/src/DAVESupport/MULTIPLEXER.o
 .group         0x00000000        0x8 Dave/Generated/src/DAVESupport/MULTIPLEXER.o
 .group         0x00000000        0x8 Dave/Generated/src/DAVESupport/MULTIPLEXER.o
 .group         0x00000000        0x8 Dave/Generated/src/DAVESupport/MULTIPLEXER.o
 .group         0x00000000        0x8 Dave/Generated/src/DAVESupport/MULTIPLEXER.o
 .group         0x00000000        0x8 Dave/Generated/src/DAVESupport/MULTIPLEXER.o
 .group         0x00000000        0x8 Dave/Generated/src/DAVESupport/MULTIPLEXER.o
 .group         0x00000000        0x8 Dave/Generated/src/DAVESupport/MULTIPLEXER.o
 .group         0x00000000        0x8 Dave/Generated/src/DAVESupport/MULTIPLEXER.o
 .group         0x00000000        0x8 Dave/Generated/src/DAVESupport/MULTIPLEXER.o
 .group         0x00000000        0x8 Dave/Generated/src/DAVESupport/MULTIPLEXER.o
 .group         0x00000000        0x8 Dave/Generated/src/DAVESupport/MULTIPLEXER.o
 .group         0x00000000        0x8 Dave/Generated/src/DAVESupport/MULTIPLEXER.o
 .group         0x00000000        0x8 Dave/Generated/src/DAVESupport/MULTIPLEXER.o
 .group         0x00000000        0x8 Dave/Generated/src/DAVESupport/MULTIPLEXER.o
 .group         0x00000000        0x8 Dave/Generated/src/DAVESupport/MULTIPLEXER.o
 .debug_macro   0x00000000      0x7f0 Dave/Generated/src/DAVESupport/MULTIPLEXER.o
 .debug_macro   0x00000000       0x22 Dave/Generated/src/DAVESupport/MULTIPLEXER.o
 .debug_macro   0x00000000       0x3a Dave/Generated/src/DAVESupport/MULTIPLEXER.o
 .debug_macro   0x00000000       0x3a Dave/Generated/src/DAVESupport/MULTIPLEXER.o
 .debug_macro   0x00000000       0x10 Dave/Generated/src/DAVESupport/MULTIPLEXER.o
 .debug_macro   0x00000000       0x2e Dave/Generated/src/DAVESupport/MULTIPLEXER.o
 .debug_macro   0x00000000       0xa3 Dave/Generated/src/DAVESupport/MULTIPLEXER.o
 .debug_macro   0x00000000      0x20e Dave/Generated/src/DAVESupport/MULTIPLEXER.o
 .debug_macro   0x00000000       0x1f Dave/Generated/src/DAVESupport/MULTIPLEXER.o
 .debug_macro   0x00000000      0x242 Dave/Generated/src/DAVESupport/MULTIPLEXER.o
 .debug_macro   0x00000000       0x36 Dave/Generated/src/DAVESupport/MULTIPLEXER.o
 .debug_macro   0x00000000     0x4d2c Dave/Generated/src/DAVESupport/MULTIPLEXER.o
 .debug_macro   0x00000000      0x16c Dave/Generated/src/DAVESupport/MULTIPLEXER.o
 .debug_macro   0x00000000       0x22 Dave/Generated/src/DAVESupport/MULTIPLEXER.o
 .debug_macro   0x00000000      0x311 Dave/Generated/src/DAVESupport/MULTIPLEXER.o
 .debug_macro   0x00000000       0x28 Dave/Generated/src/DAVESupport/MULTIPLEXER.o
 .comment       0x00000000       0x71 Dave/Generated/src/DAVESupport/MULTIPLEXER.o
 .group         0x00000000        0x8 Dave/Generated/src/CLK002/CLK002.o
 .group         0x00000000        0x8 Dave/Generated/src/CLK002/CLK002.o
 .group         0x00000000        0x8 Dave/Generated/src/CLK002/CLK002.o
 .group         0x00000000        0x8 Dave/Generated/src/CLK002/CLK002.o
 .group         0x00000000        0x8 Dave/Generated/src/CLK002/CLK002.o
 .group         0x00000000        0x8 Dave/Generated/src/CLK002/CLK002.o
 .group         0x00000000        0x8 Dave/Generated/src/CLK002/CLK002.o
 .group         0x00000000        0x8 Dave/Generated/src/CLK002/CLK002.o
 .group         0x00000000        0x8 Dave/Generated/src/CLK002/CLK002.o
 .group         0x00000000        0x8 Dave/Generated/src/CLK002/CLK002.o
 .group         0x00000000        0x8 Dave/Generated/src/CLK002/CLK002.o
 .group         0x00000000        0x8 Dave/Generated/src/CLK002/CLK002.o
 .group         0x00000000        0x8 Dave/Generated/src/CLK002/CLK002.o
 .group         0x00000000        0x8 Dave/Generated/src/CLK002/CLK002.o
 .group         0x00000000        0x8 Dave/Generated/src/CLK002/CLK002.o
 .group         0x00000000        0x8 Dave/Generated/src/CLK002/CLK002.o
 .debug_macro   0x00000000      0x7f0 Dave/Generated/src/CLK002/CLK002.o
 .debug_macro   0x00000000       0x22 Dave/Generated/src/CLK002/CLK002.o
 .debug_macro   0x00000000       0x3a Dave/Generated/src/CLK002/CLK002.o
 .debug_macro   0x00000000       0x3a Dave/Generated/src/CLK002/CLK002.o
 .debug_macro   0x00000000       0x10 Dave/Generated/src/CLK002/CLK002.o
 .debug_macro   0x00000000       0x2e Dave/Generated/src/CLK002/CLK002.o
 .debug_macro   0x00000000       0xa3 Dave/Generated/src/CLK002/CLK002.o
 .debug_macro   0x00000000      0x20e Dave/Generated/src/CLK002/CLK002.o
 .debug_macro   0x00000000       0x1f Dave/Generated/src/CLK002/CLK002.o
 .debug_macro   0x00000000      0x242 Dave/Generated/src/CLK002/CLK002.o
 .debug_macro   0x00000000       0x36 Dave/Generated/src/CLK002/CLK002.o
 .debug_macro   0x00000000     0x4d2c Dave/Generated/src/CLK002/CLK002.o
 .debug_macro   0x00000000      0x16c Dave/Generated/src/CLK002/CLK002.o
 .debug_macro   0x00000000       0x22 Dave/Generated/src/CLK002/CLK002.o
 .debug_macro   0x00000000      0x311 Dave/Generated/src/CLK002/CLK002.o
 .debug_macro   0x00000000       0x28 Dave/Generated/src/CLK002/CLK002.o
 .comment       0x00000000       0x71 Dave/Generated/src/CLK002/CLK002.o

Memory Configuration

Name             Origin             Length             Attributes
FLASH            0x10001000         0x00010000         xr
SRAM             0x20000000         0x00004000         !xr
*default*        0x00000000         0xffffffff

Linker script and memory map

LOAD colorManagement.o
LOAD light_ws2812_cortex.o
LOAD main.o
LOAD Startup/startup_XMC1100.o
LOAD Startup/system_XMC1100.o
LOAD Lib/System_LibcStubs.o
LOAD Dave/Generated/src/SYSTM001/SYSTM001.o
LOAD Dave/Generated/src/DAVESupport/DAVE3.o
LOAD Dave/Generated/src/DAVESupport/MULTIPLEXER.o
LOAD Dave/Generated/src/CLK002/CLK002.o
START GROUP
LOAD c:/dave-3.1.10/arm-gcc/bin/../lib/gcc/arm-none-eabi/4.7.4/armv6-m\libgcc.a
LOAD c:/dave-3.1.10/arm-gcc/bin/../lib/gcc/arm-none-eabi/4.7.4/../../../../arm-none-eabi/lib/armv6-m\libg.a
LOAD c:/dave-3.1.10/arm-gcc/bin/../lib/gcc/arm-none-eabi/4.7.4/../../../../arm-none-eabi/lib/armv6-m\libc.a
END GROUP
                0x00000800                stack_size = 0x800

.text           0x10001000     0x20f8
                0x10001000                sText = .
 *(.Xmc1100.reset)
 .Xmc1100.reset
                0x10001000       0x2c Startup/startup_XMC1100.o
                0x10001000                __Xmc1100_interrupt_vector_cortex_m
                0x10001018                __Xmc1100_reset_cortex_m
 *(.Xmc1100.postreset)
 .Xmc1100.postreset
                0x1000102c       0xa0 Startup/startup_XMC1100.o
 *(.XmcStartup)
 .XmcStartup    0x100010cc        0x8 Startup/startup_XMC1100.o
                0x100010cc                software_init_hook
                0x100010d0                hardware_init_hook
 *(.text .text.* .gnu.linkonce.t.*)
 .text          0x100010d4        0x0 colorManagement.o
 .text.updateWS2812LEDs
                0x100010d4       0xbc colorManagement.o
                0x100010d4                updateWS2812LEDs
 .text.redDotOnBlueLine
                0x10001190       0xec colorManagement.o
                0x10001190                redDotOnBlueLine
 .text          0x1000127c        0x0 light_ws2812_cortex.o
 .text.ws2812_sendarray
                0x1000127c       0x6c light_ws2812_cortex.o
                0x1000127c                ws2812_sendarray
 .text          0x100012e8        0x0 main.o
 .text.P0_5_set_mode
                0x100012e8       0x38 main.o
 .text.P0_6_set_mode
                0x10001320       0x38 main.o
 .text.P0_6_read
                0x10001358       0x18 main.o
 .text.main     0x10001370       0xbc main.o
                0x10001370                main
 .text.buttonRead
                0x1000142c       0x68 main.o
                0x1000142c                buttonRead
 .text          0x10001494       0x30 Startup/startup_XMC1100.o
                0x10001494                NMI_Handler
                0x10001496                HardFault_Handler
                0x10001498                SVC_Handler
                0x1000149a                PendSV_Handler
                0x1000149e                SCU_0_IRQHandler
                0x100014a0                SCU_1_IRQHandler
                0x100014a2                SCU_2_IRQHandler
                0x100014a4                ERU0_0_IRQHandler
                0x100014a6                ERU0_1_IRQHandler
                0x100014a8                ERU0_2_IRQHandler
                0x100014aa                ERU0_3_IRQHandler
                0x100014ac                VADC0_C0_0_IRQHandler
                0x100014ae                VADC0_C0_1_IRQHandler
                0x100014b0                CCU40_0_IRQHandler
                0x100014b2                CCU40_1_IRQHandler
                0x100014b4                CCU40_2_IRQHandler
                0x100014b6                CCU40_3_IRQHandler
                0x100014b8                USIC0_0_IRQHandler
                0x100014ba                USIC0_1_IRQHandler
                0x100014bc                USIC0_2_IRQHandler
                0x100014be                USIC0_3_IRQHandler
                0x100014c0                USIC0_4_IRQHandler
                0x100014c2                USIC0_5_IRQHandler
 .text          0x100014c4        0x0 Startup/system_XMC1100.o
 .text.SystemInit
                0x100014c4        0xc Startup/system_XMC1100.o
                0x100014c4                SystemInit
 .text.SystemCoreClockUpdate
                0x100014d0       0x5c Startup/system_XMC1100.o
                0x100014d0                SystemCoreClockUpdate
 .text          0x1000152c        0x0 Lib/System_LibcStubs.o
 .text._open    0x1000152c       0x18 Lib/System_LibcStubs.o
                0x1000152c                _open
 .text._lseek   0x10001544       0x18 Lib/System_LibcStubs.o
                0x10001544                _lseek
 .text._read    0x1000155c       0x18 Lib/System_LibcStubs.o
                0x1000155c                _read
 .text._write   0x10001574       0x18 Lib/System_LibcStubs.o
                0x10001574                _write
 .text._close   0x1000158c       0x10 Lib/System_LibcStubs.o
                0x1000158c                _close
 .text._fstat   0x1000159c       0x24 Lib/System_LibcStubs.o
                0x1000159c                _fstat
 .text._link    0x100015c0       0x24 Lib/System_LibcStubs.o
                0x100015c0                _link
 .text._unlink  0x100015e4       0x14 Lib/System_LibcStubs.o
                0x100015e4                _unlink
 .text._sbrk    0x100015f8       0x6c Lib/System_LibcStubs.o
                0x100015f8                _sbrk
 .text._times   0x10001664       0x14 Lib/System_LibcStubs.o
                0x10001664                _times
 .text._wait    0x10001678       0x14 Lib/System_LibcStubs.o
                0x10001678                _wait
 .text._kill    0x1000168c       0x18 Lib/System_LibcStubs.o
                0x1000168c                _kill
 .text._fork    0x100016a4       0x10 Lib/System_LibcStubs.o
                0x100016a4                _fork
 .text._getpid  0x100016b4       0x10 Lib/System_LibcStubs.o
                0x100016b4                _getpid
 .text._exit    0x100016c4        0xc Lib/System_LibcStubs.o
                0x100016c4                _exit
 .text._init    0x100016d0        0x8 Lib/System_LibcStubs.o
                0x100016d0                _init
 .text._isatty  0x100016d8       0x14 Lib/System_LibcStubs.o
                0x100016d8                _isatty
 .text          0x100016ec        0x0 Dave/Generated/src/SYSTM001/SYSTM001.o
 .text.NVIC_SetPriority
                0x100016ec       0xe0 Dave/Generated/src/SYSTM001/SYSTM001.o
 .text.SysTick_Config
                0x100017cc       0x48 Dave/Generated/src/SYSTM001/SYSTM001.o
 .text.SYSTM001_lInsertTimerList
                0x10001814      0x154 Dave/Generated/src/SYSTM001/SYSTM001.o
 .text.SYSTM001_lRemoveTimerList
                0x10001968       0xb4 Dave/Generated/src/SYSTM001/SYSTM001.o
 .text.SYSTM001_lTimerHandler
                0x10001a1c       0x88 Dave/Generated/src/SYSTM001/SYSTM001.o
 .text.SysTick_Handler
                0x10001aa4       0x48 Dave/Generated/src/SYSTM001/SYSTM001.o
                0x10001aa4                SysTick_Handler
 .text.SYSTM001_Init
                0x10001aec       0x44 Dave/Generated/src/SYSTM001/SYSTM001.o
                0x10001aec                SYSTM001_Init
 .text.SYSTM001_CreateTimer
                0x10001b30      0x124 Dave/Generated/src/SYSTM001/SYSTM001.o
                0x10001b30                SYSTM001_CreateTimer
 .text.SYSTM001_StartTimer
                0x10001c54       0x80 Dave/Generated/src/SYSTM001/SYSTM001.o
                0x10001c54                SYSTM001_StartTimer
 .text.SYSTM001_StopTimer
                0x10001cd4       0x6c Dave/Generated/src/SYSTM001/SYSTM001.o
                0x10001cd4                SYSTM001_StopTimer
 .text.SYSTM001_DeleteTimer
                0x10001d40       0x74 Dave/Generated/src/SYSTM001/SYSTM001.o
                0x10001d40                SYSTM001_DeleteTimer
 .text.SYSTM001_GetTime
                0x10001db4       0x14 Dave/Generated/src/SYSTM001/SYSTM001.o
                0x10001db4                SYSTM001_GetTime
 .text.SYSTM001_GetSysTickCount
                0x10001dc8       0x58 Dave/Generated/src/SYSTM001/SYSTM001.o
                0x10001dc8                SYSTM001_GetSysTickCount
 .text          0x10001e20        0x0 Dave/Generated/src/DAVESupport/DAVE3.o
 .text.DAVE_Init
                0x10001e20       0x18 Dave/Generated/src/DAVESupport/DAVE3.o
                0x10001e20                DAVE_Init
 .text          0x10001e38        0x0 Dave/Generated/src/DAVESupport/MULTIPLEXER.o
 .text.DAVE_MUX_Init
                0x10001e38        0x8 Dave/Generated/src/DAVESupport/MULTIPLEXER.o
                0x10001e38                DAVE_MUX_Init
 .text.DAVE_MUX_PreInit
                0x10001e40        0x8 Dave/Generated/src/DAVESupport/MULTIPLEXER.o
                0x10001e40                DAVE_MUX_PreInit
 .text          0x10001e48        0x0 Dave/Generated/src/CLK002/CLK002.o
 .text.CLK002_Init
                0x10001e48       0x38 Dave/Generated/src/CLK002/CLK002.o
                0x10001e48                CLK002_Init
 .text.AllowClkInitByStartup
                0x10001e80        0xc Dave/Generated/src/CLK002/CLK002.o
                0x10001e80                AllowClkInitByStartup
 .text.CLK002_lDivUpdate
                0x10001e8c       0x78 Dave/Generated/src/CLK002/CLK002.o
 .text.CLK002_lFrequencyUpScaling
                0x10001f04       0xbc Dave/Generated/src/CLK002/CLK002.o
 .text.CLK002_lFrequencyDownScaling
                0x10001fc0       0xb0 Dave/Generated/src/CLK002/CLK002.o
 .text          0x10002070       0x9c c:/dave-3.1.10/arm-gcc/bin/../lib/gcc/arm-none-eabi/4.7.4/armv6-m\libgcc.a(_udivsi3.o)
                0x10002070                __aeabi_uidiv
                0x10002070                __udivsi3
                0x100020f8                __aeabi_uidivmod
 .text          0x1000210c        0x4 c:/dave-3.1.10/arm-gcc/bin/../lib/gcc/arm-none-eabi/4.7.4/armv6-m\libgcc.a(_dvmd_tls.o)
                0x1000210c                __aeabi_idiv0
                0x1000210c                __aeabi_ldiv0
 .text          0x10002110       0x40 c:/dave-3.1.10/arm-gcc/bin/../lib/gcc/arm-none-eabi/4.7.4/armv6-m\libgcc.a(_fixunsdfsi.o)
                0x10002110                __aeabi_d2uiz
                0x10002110                __fixunsdfsi
 .text          0x10002150      0x4e4 c:/dave-3.1.10/arm-gcc/bin/../lib/gcc/arm-none-eabi/4.7.4/armv6-m\libgcc.a(muldf3.o)
                0x10002150                __aeabi_dmul
 .text          0x10002634      0x704 c:/dave-3.1.10/arm-gcc/bin/../lib/gcc/arm-none-eabi/4.7.4/armv6-m\libgcc.a(subdf3.o)
                0x10002634                __aeabi_dsub
 .text          0x10002d38       0x68 c:/dave-3.1.10/arm-gcc/bin/../lib/gcc/arm-none-eabi/4.7.4/armv6-m\libgcc.a(fixdfsi.o)
                0x10002d38                __aeabi_d2iz
 .text          0x10002da0       0x64 c:/dave-3.1.10/arm-gcc/bin/../lib/gcc/arm-none-eabi/4.7.4/armv6-m\libgcc.a(floatunsidf.o)
                0x10002da0                __aeabi_ui2d
 .text          0x10002e04       0x7c c:/dave-3.1.10/arm-gcc/bin/../lib/gcc/arm-none-eabi/4.7.4/armv6-m\libgcc.a(_arm_cmpdf2.o)
                0x10002e04                __aeabi_cdrcmple
                0x10002e14                __aeabi_cdcmple
                0x10002e14                __aeabi_cdcmpeq
                0x10002e24                __aeabi_dcmpeq
                0x10002e30                __aeabi_dcmplt
                0x10002e44                __aeabi_dcmple
                0x10002e58                __aeabi_dcmpgt
                0x10002e6c                __aeabi_dcmpge
 .text          0x10002e80       0x3c c:/dave-3.1.10/arm-gcc/bin/../lib/gcc/arm-none-eabi/4.7.4/armv6-m\libgcc.a(_clzsi2.o)
                0x10002e80                __clzsi2
 .text          0x10002ebc       0x7c c:/dave-3.1.10/arm-gcc/bin/../lib/gcc/arm-none-eabi/4.7.4/armv6-m\libgcc.a(eqdf2.o)
                0x10002ebc                __nedf2
                0x10002ebc                __eqdf2
 .text          0x10002f38       0xe8 c:/dave-3.1.10/arm-gcc/bin/../lib/gcc/arm-none-eabi/4.7.4/armv6-m\libgcc.a(gedf2.o)
                0x10002f38                __gedf2
                0x10002f38                __gtdf2
 .text          0x10003020       0xd8 c:/dave-3.1.10/arm-gcc/bin/../lib/gcc/arm-none-eabi/4.7.4/armv6-m\libgcc.a(ledf2.o)
                0x10003020                __ledf2
                0x10003020                __ltdf2
 *(.glue*)
 .glue_7        0x00000000        0x0 linker stubs
 .glue_7t       0x00000000        0x0 linker stubs
 *(.v4*)
 .v4_bx         0x00000000        0x0 linker stubs
 *(.vfp11_veneer)
 .vfp11_veneer  0x00000000        0x0 linker stubs
 *(.init)
                0x100030f8                __preinit_array_start = .
 *(.preinit_array)
                0x100030f8                __preinit_array_end = .
                0x100030f8                __init_array_start = .
 *(SORT(.init_array.*))
 *(.init_array)
                0x100030f8                __init_array_end = .
 *crtbegin.o(.ctors)
 *(EXCLUDE_FILE(*crtend.o) .ctors)
 *(SORT(.ctors.*))
 *crtend.o(.ctors)
 *(.fini)
                0x100030f8                __fini_array_start = .
 *(.fini_array)
 *(SORT(.fini_array.*))
                0x100030f8                __fini_array_end = .
 *crtbegin.o(.dtors)
 *(EXCLUDE_FILE(*crtend.o) .dtors)
 *(SORT(.dtors.*))
 *crtend.o(.dtors)
                0x100030f8                __extab_start = .
 *(.ARM.extab* .gnu.linkonce.armextab.*)
 .ARM.extab.Xmc1100.reset
                0x100030f8        0x0 Startup/startup_XMC1100.o
 .ARM.extab.Xmc1100.postreset
                0x100030f8        0x0 Startup/startup_XMC1100.o
                0x100030f8                . = ALIGN (0x4)
                0x100030f8                __extab_end = ABSOLUTE (.)

.iplt           0x100030f8        0x0
 .iplt          0x00000000        0x0 colorManagement.o

.ARM.exidx      0x100030f8       0x10
                0x100030f8                __exidx_start = .
 *(.ARM.exidx* .gnu.linkonce.armexidx.*)
 .ARM.exidx.Xmc1100.reset
                0x100030f8        0x8 Startup/startup_XMC1100.o
 .ARM.exidx.Xmc1100.postreset
                0x10003100        0x8 Startup/startup_XMC1100.o
                0x10003108                . = ALIGN (0x4)
                0x10003108                __exidx_end = ABSOLUTE (.)

.rodata         0x10003108      0x2a4
 *(.rodata .rodata.*)
 .rodata        0x10003108      0x264 colorManagement.o
                0x10003108                rgb
                0x10003148                red
                0x10003188                green
                0x100031c8                blue
                0x10003208                white
                0x10003248                off
                0x10003288                purpl
                0x100032c8                cyan
                0x10003308                yello
 .rodata        0x1000336c       0x40 c:/dave-3.1.10/arm-gcc/bin/../lib/gcc/arm-none-eabi/4.7.4/armv6-m\libgcc.a(muldf3.o)
 *(.gnu.linkonce.r*)
                0x100033b0                . = ALIGN (0x10)
                0x100033b0                eROData = .
                0x100033b0                VeneerLoadAddr = ABSOLUTE (eROData)

.VENEER_Code    0x2000000c      0x110 load address 0x100033b0
                0x2000000c                VeneerStart = .
 *(.XmcVeneerCode)
 .XmcVeneerCode
                0x2000000c      0x110 Startup/startup_XMC1100.o
                0x2000000c                HardFault_Veneer
                0x2000002c                SVC_Veneer
                0x20000038                PendSV_Veneer
                0x2000003c                SysTick_Veneer
                0x20000040                SCU_0_Veneer
                0x20000044                SCU_1_Veneer
                0x20000048                SCU_2_Veneer
                0x2000004c                SCU_3_Veneer
                0x20000050                SCU_4_Veneer
                0x20000054                SCU_5_Veneer
                0x20000058                SCU_6_Veneer
                0x20000064                USIC0_0_Veneer
                0x20000068                USIC0_1_Veneer
                0x2000006c                USIC0_2_Veneer
                0x20000070                USIC0_3_Veneer
                0x20000074                USIC0_4_Veneer
                0x20000078                USIC0_5_Veneer
                0x2000007c                VADC0_C0_0_Veneer
                0x20000080                VADC0_C0_1_Veneer
                0x20000094                CCU40_0_Veneer
                0x20000098                CCU40_1_Veneer
                0x2000009c                CCU40_2_Veneer
                0x200000a0                CCU40_3_Veneer
                0x2000011c                . = ALIGN (0x4)
                0x2000011c                VeneerEnd = .
                0x00000110                VeneerSize = (ABSOLUTE (VeneerEnd) - ABSOLUTE (VeneerStart))

.rel.dyn        0x2000011c        0x0 load address 0x100034c0
 .rel.iplt      0x00000000        0x0 colorManagement.o

.GUARD_Band     0x2000011c        0x4 load address 0x00000000
                0x2000011f                . = (. + 0x3)
 *fill*         0x2000011c        0x3 00
                0x20000120                . = ALIGN (0x10)
 *fill*         0x2000011f        0x1 00
                0x20000120                Guard_Band_End = .

Stack           0x20000120      0x800 load address 0x00000000
                0x20000920                . = (. + stack_size)
 *fill*         0x20000120      0x800 00
                0x20000920                __Xmc1100_stack = .

.bss            0x20000920      0x164
                0x20000920                __Xmc1100_sBSS = .
 *(.bss)
 .bss           0x20000920        0x2 colorManagement.o
 .bss           0x20000922        0x0 light_ws2812_cortex.o
 .bss           0x20000922        0x0 main.o
 .bss           0x20000922        0x0 Startup/startup_XMC1100.o
 .bss           0x20000922        0x0 Startup/system_XMC1100.o
 *fill*         0x20000922        0x2 00
 .bss           0x20000924        0xc Lib/System_LibcStubs.o
                0x20000924                __dso_handle
 .bss           0x20000930        0xc Dave/Generated/src/SYSTM001/SYSTM001.o
                0x20000930                TimerList
                0x20000934                TimerTracker
                0x20000938                SysTickCount
 .bss           0x2000093c        0x0 Dave/Generated/src/DAVESupport/DAVE3.o
 .bss           0x2000093c        0x0 Dave/Generated/src/DAVESupport/MULTIPLEXER.o
 .bss           0x2000093c        0x0 Dave/Generated/src/CLK002/CLK002.o
 .bss           0x2000093c        0x0 c:/dave-3.1.10/arm-gcc/bin/../lib/gcc/arm-none-eabi/4.7.4/armv6-m\libgcc.a(_udivsi3.o)
 .bss           0x2000093c        0x0 c:/dave-3.1.10/arm-gcc/bin/../lib/gcc/arm-none-eabi/4.7.4/armv6-m\libgcc.a(_dvmd_tls.o)
 .bss           0x2000093c        0x0 c:/dave-3.1.10/arm-gcc/bin/../lib/gcc/arm-none-eabi/4.7.4/armv6-m\libgcc.a(_fixunsdfsi.o)
 .bss           0x2000093c        0x0 c:/dave-3.1.10/arm-gcc/bin/../lib/gcc/arm-none-eabi/4.7.4/armv6-m\libgcc.a(muldf3.o)
 .bss           0x2000093c        0x0 c:/dave-3.1.10/arm-gcc/bin/../lib/gcc/arm-none-eabi/4.7.4/armv6-m\libgcc.a(subdf3.o)
 .bss           0x2000093c        0x0 c:/dave-3.1.10/arm-gcc/bin/../lib/gcc/arm-none-eabi/4.7.4/armv6-m\libgcc.a(fixdfsi.o)
 .bss           0x2000093c        0x0 c:/dave-3.1.10/arm-gcc/bin/../lib/gcc/arm-none-eabi/4.7.4/armv6-m\libgcc.a(floatunsidf.o)
 .bss           0x2000093c        0x0 c:/dave-3.1.10/arm-gcc/bin/../lib/gcc/arm-none-eabi/4.7.4/armv6-m\libgcc.a(_arm_cmpdf2.o)
 .bss           0x2000093c        0x0 c:/dave-3.1.10/arm-gcc/bin/../lib/gcc/arm-none-eabi/4.7.4/armv6-m\libgcc.a(_clzsi2.o)
 .bss           0x2000093c        0x0 c:/dave-3.1.10/arm-gcc/bin/../lib/gcc/arm-none-eabi/4.7.4/armv6-m\libgcc.a(eqdf2.o)
 .bss           0x2000093c        0x0 c:/dave-3.1.10/arm-gcc/bin/../lib/gcc/arm-none-eabi/4.7.4/armv6-m\libgcc.a(gedf2.o)
 .bss           0x2000093c        0x0 c:/dave-3.1.10/arm-gcc/bin/../lib/gcc/arm-none-eabi/4.7.4/armv6-m\libgcc.a(ledf2.o)
 *(.bss*)
 *(COMMON)
 COMMON         0x2000093c        0x4 main.o
                0x2000093c                animationTimer
 COMMON         0x20000940        0x4 Startup/system_XMC1100.o
                0x20000940                SystemCoreClock
 COMMON         0x20000944      0x140 Dave/Generated/src/SYSTM001/SYSTM001.o
                0x20000944                TimerTbl
 *(.gnu.linkonce.b*)
                0x20000a84                __Xmc1100_eBSS = ALIGN (0x4)
                0x00000164                __Xmc1100_BSS_Size = (__Xmc1100_eBSS - __Xmc1100_sBSS)
                0x100034c0                DataLoadAddr = (eROData + VeneerSize)

.data           0x20000a90        0x0 load address 0x100034c0
                0x20000a90                __Xmc1100_sData = .
 *(.data)
 .data          0x20000a90        0x0 colorManagement.o
 .data          0x20000a90        0x0 light_ws2812_cortex.o
 .data          0x20000a90        0x0 main.o
 .data          0x20000a90        0x0 Startup/startup_XMC1100.o
 .data          0x20000a90        0x0 Startup/system_XMC1100.o
 .data          0x20000a90        0x0 Lib/System_LibcStubs.o
 .data          0x20000a90        0x0 Dave/Generated/src/SYSTM001/SYSTM001.o
 .data          0x20000a90        0x0 Dave/Generated/src/DAVESupport/DAVE3.o
 .data          0x20000a90        0x0 Dave/Generated/src/DAVESupport/MULTIPLEXER.o
 .data          0x20000a90        0x0 Dave/Generated/src/CLK002/CLK002.o
 .data          0x20000a90        0x0 c:/dave-3.1.10/arm-gcc/bin/../lib/gcc/arm-none-eabi/4.7.4/armv6-m\libgcc.a(_udivsi3.o)
 .data          0x20000a90        0x0 c:/dave-3.1.10/arm-gcc/bin/../lib/gcc/arm-none-eabi/4.7.4/armv6-m\libgcc.a(_dvmd_tls.o)
 .data          0x20000a90        0x0 c:/dave-3.1.10/arm-gcc/bin/../lib/gcc/arm-none-eabi/4.7.4/armv6-m\libgcc.a(_fixunsdfsi.o)
 .data          0x20000a90        0x0 c:/dave-3.1.10/arm-gcc/bin/../lib/gcc/arm-none-eabi/4.7.4/armv6-m\libgcc.a(muldf3.o)
 .data          0x20000a90        0x0 c:/dave-3.1.10/arm-gcc/bin/../lib/gcc/arm-none-eabi/4.7.4/armv6-m\libgcc.a(subdf3.o)
 .data          0x20000a90        0x0 c:/dave-3.1.10/arm-gcc/bin/../lib/gcc/arm-none-eabi/4.7.4/armv6-m\libgcc.a(fixdfsi.o)
 .data          0x20000a90        0x0 c:/dave-3.1.10/arm-gcc/bin/../lib/gcc/arm-none-eabi/4.7.4/armv6-m\libgcc.a(floatunsidf.o)
 .data          0x20000a90        0x0 c:/dave-3.1.10/arm-gcc/bin/../lib/gcc/arm-none-eabi/4.7.4/armv6-m\libgcc.a(_arm_cmpdf2.o)
 .data          0x20000a90        0x0 c:/dave-3.1.10/arm-gcc/bin/../lib/gcc/arm-none-eabi/4.7.4/armv6-m\libgcc.a(_clzsi2.o)
 .data          0x20000a90        0x0 c:/dave-3.1.10/arm-gcc/bin/../lib/gcc/arm-none-eabi/4.7.4/armv6-m\libgcc.a(eqdf2.o)
 .data          0x20000a90        0x0 c:/dave-3.1.10/arm-gcc/bin/../lib/gcc/arm-none-eabi/4.7.4/armv6-m\libgcc.a(gedf2.o)
 .data          0x20000a90        0x0 c:/dave-3.1.10/arm-gcc/bin/../lib/gcc/arm-none-eabi/4.7.4/armv6-m\libgcc.a(ledf2.o)
 *(.data*)
 *(*.data)
 *(.gnu.linkonce.d*)
                0x20000a90                __Xmc1100_eData = ALIGN (0x4)
                0x00000000                __Xmc1100_Data_Size = (__Xmc1100_eData - __Xmc1100_sData)

.igot.plt       0x20000a90        0x0 load address 0x100034c0
 .igot.plt      0x00000000        0x0 colorManagement.o

.ram_code       0x20000a90        0x0 load address 0x100034c0
                0x20000a90                __ram_code_start = .
 *(.ram_code)
                0x20000a90                __ram_code_end = .
                0x100034c0                __ram_code_load = LOADADDR (.ram_code)
                0x00000000                __ram_code_size = (__ram_code_end - __ram_code_start)
                0x20000a90                __Xmc1100_heap_start = ALIGN (0x8)
                0x20004000                __Xmc1100_heap_end = (ORIGIN (SRAM) + 0x4000)
                0x20000a90                Heap_Bank1_Start = __Xmc1100_heap_start
                0x00003570                Heap_Bank1_Size = (__Xmc1100_heap_end - __Xmc1100_heap_start)

/DISCARD/
 *(.comment)

.stab
 *(.stab)

.stabstr
 *(.stabstr)

.debug
 *(.debug)

.line
 *(.line)

.debug_srcinfo
 *(.debug_srcinfo)

.debug_sfnames
 *(.debug_sfnames)

.debug_aranges  0x00000000      0x298
 *(.debug_aranges)
 .debug_aranges
                0x00000000       0x28 colorManagement.o
 .debug_aranges
                0x00000028       0x20 light_ws2812_cortex.o
 .debug_aranges
                0x00000048       0x40 main.o
 .debug_aranges
                0x00000088       0x40 Startup/startup_XMC1100.o
 .debug_aranges
                0x000000c8       0x28 Startup/system_XMC1100.o
 .debug_aranges
                0x000000f0       0xa0 Lib/System_LibcStubs.o
 .debug_aranges
                0x00000190       0x80 Dave/Generated/src/SYSTM001/SYSTM001.o
 .debug_aranges
                0x00000210       0x20 Dave/Generated/src/DAVESupport/DAVE3.o
 .debug_aranges
                0x00000230       0x28 Dave/Generated/src/DAVESupport/MULTIPLEXER.o
 .debug_aranges
                0x00000258       0x40 Dave/Generated/src/CLK002/CLK002.o

.debug_pubnames
 *(.debug_pubnames)

.debug_pubtypes
 *(.debug_pubtypes)

.debug_info     0x00000000     0x1be5
 *(.debug_info .gnu.linkonce.wi.*)
 .debug_info    0x00000000      0x238 colorManagement.o
 .debug_info    0x00000238      0x12b light_ws2812_cortex.o
 .debug_info    0x00000363      0x3de main.o
 .debug_info    0x00000741       0x72 Startup/startup_XMC1100.o
 .debug_info    0x000007b3      0x15f Startup/system_XMC1100.o
 .debug_info    0x00000912      0x65f Lib/System_LibcStubs.o
 .debug_info    0x00000f71      0x806 Dave/Generated/src/SYSTM001/SYSTM001.o
 .debug_info    0x00001777       0x91 Dave/Generated/src/DAVESupport/DAVE3.o
 .debug_info    0x00001808       0xa7 Dave/Generated/src/DAVESupport/MULTIPLEXER.o
 .debug_info    0x000018af      0x336 Dave/Generated/src/CLK002/CLK002.o

.debug_abbrev   0x00000000      0x93f
 *(.debug_abbrev)
 .debug_abbrev  0x00000000       0xef colorManagement.o
 .debug_abbrev  0x000000ef       0x93 light_ws2812_cortex.o
 .debug_abbrev  0x00000182      0x1c6 main.o
 .debug_abbrev  0x00000348       0x12 Startup/startup_XMC1100.o
 .debug_abbrev  0x0000035a       0xc5 Startup/system_XMC1100.o
 .debug_abbrev  0x0000041f      0x149 Lib/System_LibcStubs.o
 .debug_abbrev  0x00000568      0x21f Dave/Generated/src/SYSTM001/SYSTM001.o
 .debug_abbrev  0x00000787       0x47 Dave/Generated/src/DAVESupport/DAVE3.o
 .debug_abbrev  0x000007ce       0x47 Dave/Generated/src/DAVESupport/MULTIPLEXER.o
 .debug_abbrev  0x00000815      0x12a Dave/Generated/src/CLK002/CLK002.o

.debug_line     0x00000000     0x2a5c
 *(.debug_line)
 .debug_line    0x00000000      0x351 colorManagement.o
 .debug_line    0x00000351      0x306 light_ws2812_cortex.o
 .debug_line    0x00000657      0x5b0 main.o
 .debug_line    0x00000c07      0x13d Startup/startup_XMC1100.o
 .debug_line    0x00000d44      0x2f6 Startup/system_XMC1100.o
 .debug_line    0x0000103a      0x3c1 Lib/System_LibcStubs.o
 .debug_line    0x000013fb      0x6b5 Dave/Generated/src/SYSTM001/SYSTM001.o
 .debug_line    0x00001ab0      0x4fd Dave/Generated/src/DAVESupport/DAVE3.o
 .debug_line    0x00001fad      0x510 Dave/Generated/src/DAVESupport/MULTIPLEXER.o
 .debug_line    0x000024bd      0x59f Dave/Generated/src/CLK002/CLK002.o

.debug_frame    0x00000000      0x830
 *(.debug_frame)
 .debug_frame   0x00000000       0x50 colorManagement.o
 .debug_frame   0x00000050       0x38 light_ws2812_cortex.o
 .debug_frame   0x00000088       0xac main.o
 .debug_frame   0x00000134       0x4c Startup/system_XMC1100.o
 .debug_frame   0x00000180      0x220 Lib/System_LibcStubs.o
 .debug_frame   0x000003a0      0x1b8 Dave/Generated/src/SYSTM001/SYSTM001.o
 .debug_frame   0x00000558       0x2c Dave/Generated/src/DAVESupport/DAVE3.o
 .debug_frame   0x00000584       0x48 Dave/Generated/src/DAVESupport/MULTIPLEXER.o
 .debug_frame   0x000005cc       0xa8 Dave/Generated/src/CLK002/CLK002.o
 .debug_frame   0x00000674       0x20 c:/dave-3.1.10/arm-gcc/bin/../lib/gcc/arm-none-eabi/4.7.4/armv6-m\libgcc.a(_udivsi3.o)
 .debug_frame   0x00000694       0x2c c:/dave-3.1.10/arm-gcc/bin/../lib/gcc/arm-none-eabi/4.7.4/armv6-m\libgcc.a(_fixunsdfsi.o)
 .debug_frame   0x000006c0       0x3c c:/dave-3.1.10/arm-gcc/bin/../lib/gcc/arm-none-eabi/4.7.4/armv6-m\libgcc.a(muldf3.o)
 .debug_frame   0x000006fc       0x38 c:/dave-3.1.10/arm-gcc/bin/../lib/gcc/arm-none-eabi/4.7.4/armv6-m\libgcc.a(subdf3.o)
 .debug_frame   0x00000734       0x2c c:/dave-3.1.10/arm-gcc/bin/../lib/gcc/arm-none-eabi/4.7.4/armv6-m\libgcc.a(fixdfsi.o)
 .debug_frame   0x00000760       0x2c c:/dave-3.1.10/arm-gcc/bin/../lib/gcc/arm-none-eabi/4.7.4/armv6-m\libgcc.a(floatunsidf.o)
 .debug_frame   0x0000078c       0x34 c:/dave-3.1.10/arm-gcc/bin/../lib/gcc/arm-none-eabi/4.7.4/armv6-m\libgcc.a(eqdf2.o)
 .debug_frame   0x000007c0       0x38 c:/dave-3.1.10/arm-gcc/bin/../lib/gcc/arm-none-eabi/4.7.4/armv6-m\libgcc.a(gedf2.o)
 .debug_frame   0x000007f8       0x38 c:/dave-3.1.10/arm-gcc/bin/../lib/gcc/arm-none-eabi/4.7.4/armv6-m\libgcc.a(ledf2.o)

.debug_str      0x00000000    0x25456
 *(.debug_str)
 .debug_str     0x00000000    0x20750 colorManagement.o
                              0x20886 (size before relaxing)
 .debug_str     0x00020750      0x1d6 light_ws2812_cortex.o
                              0x20972 (size before relaxing)
 .debug_str     0x00020926     0x1265 main.o
                              0x21afd (size before relaxing)
 .debug_str     0x00021b8b       0xba Startup/system_XMC1100.o
                              0x207ac (size before relaxing)
 .debug_str     0x00021c45     0x2e2a Lib/System_LibcStubs.o
                               0x57da (size before relaxing)
 .debug_str     0x00024a6f      0x7d7 Dave/Generated/src/SYSTM001/SYSTM001.o
                              0x21f28 (size before relaxing)
 .debug_str     0x00025246       0x34 Dave/Generated/src/DAVESupport/DAVE3.o
                              0x216d6 (size before relaxing)
 .debug_str     0x0002527a       0x4f Dave/Generated/src/DAVESupport/MULTIPLEXER.o
                              0x216f1 (size before relaxing)
 .debug_str     0x000252c9      0x18d Dave/Generated/src/CLK002/CLK002.o
                              0x218b4 (size before relaxing)

.debug_loc      0x00000000      0x9f2
 *(.debug_loc)
 .debug_loc     0x00000000       0x70 colorManagement.o
 .debug_loc     0x00000070       0x38 light_ws2812_cortex.o
 .debug_loc     0x000000a8      0x10e main.o
 .debug_loc     0x000001b6       0x64 Startup/system_XMC1100.o
 .debug_loc     0x0000021a      0x388 Lib/System_LibcStubs.o
 .debug_loc     0x000005a2      0x2cc Dave/Generated/src/SYSTM001/SYSTM001.o
 .debug_loc     0x0000086e       0x2c Dave/Generated/src/DAVESupport/DAVE3.o
 .debug_loc     0x0000089a       0x58 Dave/Generated/src/DAVESupport/MULTIPLEXER.o
 .debug_loc     0x000008f2      0x100 Dave/Generated/src/CLK002/CLK002.o

.debug_macinfo
 *(.debug_macinfo)

.debug_ranges   0x00000000      0x200
 *(.debug_ranges)
 .debug_ranges  0x00000000       0x18 colorManagement.o
 .debug_ranges  0x00000018       0x10 light_ws2812_cortex.o
 .debug_ranges  0x00000028       0x30 main.o
 .debug_ranges  0x00000058       0x38 Startup/startup_XMC1100.o
 .debug_ranges  0x00000090       0x18 Startup/system_XMC1100.o
 .debug_ranges  0x000000a8       0x90 Lib/System_LibcStubs.o
 .debug_ranges  0x00000138       0x70 Dave/Generated/src/SYSTM001/SYSTM001.o
 .debug_ranges  0x000001a8       0x10 Dave/Generated/src/DAVESupport/DAVE3.o
 .debug_ranges  0x000001b8       0x18 Dave/Generated/src/DAVESupport/MULTIPLEXER.o
 .debug_ranges  0x000001d0       0x30 Dave/Generated/src/CLK002/CLK002.o

.debug_weaknames
 *(.debug_weaknames)

.debug_funcnames
 *(.debug_funcnames)

.debug_typenames
 *(.debug_typenames)

.debug_varnames
 *(.debug_varnames)

.build_attributes
                0x00000000      0x3b2
 *(.ARM.attributes)
 .ARM.attributes
                0x00000000       0x31 colorManagement.o
 .ARM.attributes
                0x00000031       0x31 light_ws2812_cortex.o
 .ARM.attributes
                0x00000062       0x31 main.o
 .ARM.attributes
                0x00000093       0x21 Startup/startup_XMC1100.o
 .ARM.attributes
                0x000000b4       0x31 Startup/system_XMC1100.o
 .ARM.attributes
                0x000000e5       0x31 Lib/System_LibcStubs.o
 .ARM.attributes
                0x00000116       0x31 Dave/Generated/src/SYSTM001/SYSTM001.o
 .ARM.attributes
                0x00000147       0x31 Dave/Generated/src/DAVESupport/DAVE3.o
 .ARM.attributes
                0x00000178       0x31 Dave/Generated/src/DAVESupport/MULTIPLEXER.o
 .ARM.attributes
                0x000001a9       0x31 Dave/Generated/src/CLK002/CLK002.o
 .ARM.attributes
                0x000001da       0x1e c:/dave-3.1.10/arm-gcc/bin/../lib/gcc/arm-none-eabi/4.7.4/armv6-m\libgcc.a(_udivsi3.o)
 .ARM.attributes
                0x000001f8       0x1e c:/dave-3.1.10/arm-gcc/bin/../lib/gcc/arm-none-eabi/4.7.4/armv6-m\libgcc.a(_dvmd_tls.o)
 .ARM.attributes
                0x00000216       0x2c c:/dave-3.1.10/arm-gcc/bin/../lib/gcc/arm-none-eabi/4.7.4/armv6-m\libgcc.a(_fixunsdfsi.o)
 .ARM.attributes
                0x00000242       0x2c c:/dave-3.1.10/arm-gcc/bin/../lib/gcc/arm-none-eabi/4.7.4/armv6-m\libgcc.a(muldf3.o)
 .ARM.attributes
                0x0000026e       0x2c c:/dave-3.1.10/arm-gcc/bin/../lib/gcc/arm-none-eabi/4.7.4/armv6-m\libgcc.a(subdf3.o)
 .ARM.attributes
                0x0000029a       0x2c c:/dave-3.1.10/arm-gcc/bin/../lib/gcc/arm-none-eabi/4.7.4/armv6-m\libgcc.a(fixdfsi.o)
 .ARM.attributes
                0x000002c6       0x2c c:/dave-3.1.10/arm-gcc/bin/../lib/gcc/arm-none-eabi/4.7.4/armv6-m\libgcc.a(floatunsidf.o)
 .ARM.attributes
                0x000002f2       0x1e c:/dave-3.1.10/arm-gcc/bin/../lib/gcc/arm-none-eabi/4.7.4/armv6-m\libgcc.a(_arm_cmpdf2.o)
 .ARM.attributes
                0x00000310       0x1e c:/dave-3.1.10/arm-gcc/bin/../lib/gcc/arm-none-eabi/4.7.4/armv6-m\libgcc.a(_clzsi2.o)
 .ARM.attributes
                0x0000032e       0x2c c:/dave-3.1.10/arm-gcc/bin/../lib/gcc/arm-none-eabi/4.7.4/armv6-m\libgcc.a(eqdf2.o)
 .ARM.attributes
                0x0000035a       0x2c c:/dave-3.1.10/arm-gcc/bin/../lib/gcc/arm-none-eabi/4.7.4/armv6-m\libgcc.a(gedf2.o)
 .ARM.attributes
                0x00000386       0x2c c:/dave-3.1.10/arm-gcc/bin/../lib/gcc/arm-none-eabi/4.7.4/armv6-m\libgcc.a(ledf2.o)
OUTPUT(LongboardLight.elf elf32-littlearm)

.debug_macro    0x00000000     0x7511
 .debug_macro   0x00000000       0xbf colorManagement.o
 .debug_macro   0x000000bf      0x7f0 colorManagement.o
 .debug_macro   0x000008af       0x3a colorManagement.o
 .debug_macro   0x000008e9       0x10 colorManagement.o
 .debug_macro   0x000008f9       0x2e colorManagement.o
 .debug_macro   0x00000927       0xa3 colorManagement.o
 .debug_macro   0x000009ca      0x20e colorManagement.o
 .debug_macro   0x00000bd8       0x22 colorManagement.o
 .debug_macro   0x00000bfa       0x3a colorManagement.o
 .debug_macro   0x00000c34       0x1f colorManagement.o
 .debug_macro   0x00000c53      0x242 colorManagement.o
 .debug_macro   0x00000e95       0x36 colorManagement.o
 .debug_macro   0x00000ecb     0x4d2c colorManagement.o
 .debug_macro   0x00005bf7       0x22 colorManagement.o
 .debug_macro   0x00005c19       0x16 colorManagement.o
 .debug_macro   0x00005c2f       0xf8 light_ws2812_cortex.o
 .debug_macro   0x00005d27      0x114 main.o
 .debug_macro   0x00005e3b      0x16c main.o
 .debug_macro   0x00005fa7       0x22 main.o
 .debug_macro   0x00005fc9      0x311 main.o
 .debug_macro   0x000062da       0x28 main.o
 .debug_macro   0x00006302       0xac main.o
 .debug_macro   0x000063ae       0x28 main.o
 .debug_macro   0x000063d6       0xb7 Startup/system_XMC1100.o
 .debug_macro   0x0000648d      0x119 Lib/System_LibcStubs.o
 .debug_macro   0x000065a6       0x3a Lib/System_LibcStubs.o
 .debug_macro   0x000065e0       0x52 Lib/System_LibcStubs.o
 .debug_macro   0x00006632       0x19 Lib/System_LibcStubs.o
 .debug_macro   0x0000664b      0x16d Lib/System_LibcStubs.o
 .debug_macro   0x000067b8       0x10 Lib/System_LibcStubs.o
 .debug_macro   0x000067c8       0x16 Lib/System_LibcStubs.o
 .debug_macro   0x000067de       0x89 Lib/System_LibcStubs.o
 .debug_macro   0x00006867       0x10 Lib/System_LibcStubs.o
 .debug_macro   0x00006877       0xf5 Lib/System_LibcStubs.o
 .debug_macro   0x0000696c       0x22 Lib/System_LibcStubs.o
 .debug_macro   0x0000698e       0x91 Lib/System_LibcStubs.o
 .debug_macro   0x00006a1f       0x34 Lib/System_LibcStubs.o
 .debug_macro   0x00006a53      0x120 Lib/System_LibcStubs.o
 .debug_macro   0x00006b73       0x16 Lib/System_LibcStubs.o
 .debug_macro   0x00006b89       0x35 Lib/System_LibcStubs.o
 .debug_macro   0x00006bbe      0x495 Lib/System_LibcStubs.o
 .debug_macro   0x00007053      0x1b5 Dave/Generated/src/SYSTM001/SYSTM001.o
 .debug_macro   0x00007208       0xf9 Dave/Generated/src/DAVESupport/DAVE3.o
 .debug_macro   0x00007301       0xf9 Dave/Generated/src/DAVESupport/MULTIPLEXER.o
 .debug_macro   0x000073fa      0x117 Dave/Generated/src/CLK002/CLK002.o
